# panvram af2ec56 + reader checks of this commit (all-zero context symbol -> block fails; meta exactly one zstd frame), CPU path, ace-core Linux 5.15.0-163-generic, 2026-10-07T08:20:58Z
# archives .wk/hprc_cohort/v1 (1116 = 558 x q4k/q16k, SHA-256 == MANIFEST.tsv), reference T2T-CHM13v2.0; cmd: .venv/bin/python scripts/check_full_all.py <v1 dir> <v1 dir>/manifest_v1.tsv ~/golden/genome/t2t.fa
# synthetic tests with the new build: 17 passed, 1 skipped (no CUDA); CUDA kernel shares refrel3.h (final check) - not run here
CF	q4k	r2_HG00097_hap1_hprc_r2_v1.0.1	ok	5e736ee9f8401de6	5e736ee9f8401de6	2.7 s
CF	q4k	r2_HG00097_hap2_hprc_r2_v1.0.1	ok	f341e3784db31f1e	f341e3784db31f1e	2.7 s
CF	q4k	r2_HG00099_hap1_hprc_r2_v1.0.1	ok	589d7e870e1b21bc	589d7e870e1b21bc	3.5 s
CF	q4k	r2_HG00099_hap2_hprc_r2_v1.0.1	ok	99014e4486a907bc	99014e4486a907bc	2.8 s
CF	q4k	r2_HG00126_hap1_hprc_r2_v1.0.1	ok	7c8f70323ed22b4e	7c8f70323ed22b4e	2.6 s
CF	q4k	r2_HG00126_hap2_hprc_r2_v1.0.1	ok	ade121e383b50a4b	ade121e383b50a4b	2.6 s
CF	q4k	r2_HG00128_hap1_hprc_r2_v1.0.1	ok	4ac542314022ffc9	4ac542314022ffc9	2.7 s
CF	q4k	r2_HG00128_hap2_hprc_r2_v1.0.1	ok	f2c99f362fb49236	f2c99f362fb49236	2.7 s
CF	q4k	r2_HG00133_hap1_hprc_r2_v1.0.1	ok	6ad080b53827b13c	6ad080b53827b13c	2.6 s
CF	q4k	r2_HG00133_hap2_hprc_r2_v1.0.1	ok	9f95b538c359b457	9f95b538c359b457	2.7 s
CF	q4k	r2_HG00140_hap1_hprc_r2_v1.0.1	ok	c74a5ff468458ecd	c74a5ff468458ecd	2.6 s
CF	q4k	r2_HG00140_hap2_hprc_r2_v1.0.1	ok	7e2a6e8856f56081	7e2a6e8856f56081	2.7 s
CF	q4k	r2_HG00146_hap1_hprc_r2_v1.0.1	ok	212f0e012a752b70	212f0e012a752b70	2.6 s
CF	q4k	r2_HG00146_hap2_hprc_r2_v1.0.1	ok	c8102b90dbd33f77	c8102b90dbd33f77	2.7 s
CF	q4k	r2_HG00232_hap1_hprc_r2_v1.0.1	ok	a9b55f806d643439	a9b55f806d643439	2.6 s
CF	q4k	r2_HG00232_hap2_hprc_r2_v1.0.1	ok	11e34ac87f3f700e	11e34ac87f3f700e	2.7 s
CF	q4k	r2_HG00235_hap1_hprc_r2_v1.0.1	ok	902a9fec09f10d7f	902a9fec09f10d7f	2.7 s
CF	q4k	r2_HG00235_hap2_hprc_r2_v1.0.1	ok	fa6d6f945289b153	fa6d6f945289b153	2.7 s
CF	q4k	r2_HG00253_hap1_hprc_r2_v1.0.1	ok	86c08ee660a627f2	86c08ee660a627f2	2.7 s
CF	q4k	r2_HG00253_hap2_hprc_r2_v1.0.1	ok	fc41b79911bc7fad	fc41b79911bc7fad	2.8 s
CF	q4k	r2_HG00272_hap1_hprc_r2_v1.0.1	ok	8c56036b18be0db7	8c56036b18be0db7	2.7 s
CF	q4k	r2_HG00272_hap2_hprc_r2_v1.0.1	ok	7a840f79e3b93827	7a840f79e3b93827	2.8 s
CF	q4k	r2_HG00280_hap1_hprc_r2_v1.0.1	ok	1b4593f34b539bd9	1b4593f34b539bd9	2.6 s
CF	q4k	r2_HG00280_hap2_hprc_r2_v1.0.1	ok	f3aae00a4950375e	f3aae00a4950375e	2.8 s
CF	q4k	r2_HG00290_hap1_hprc_r2_v1.0.1	ok	fb4154b58b77d41d	fb4154b58b77d41d	2.7 s
CF	q4k	r2_HG00290_hap2_hprc_r2_v1.0.1	ok	4e71221ac389eb8e	4e71221ac389eb8e	2.7 s
CF	q4k	r2_HG00320_hap1_hprc_r2_v1.0.1	ok	60bddc9260e3c3d8	60bddc9260e3c3d8	2.8 s
CF	q4k	r2_HG00320_hap2_hprc_r2_v1.0.1	ok	c4dc0ff10e331dc7	c4dc0ff10e331dc7	2.7 s
CF	q4k	r2_HG00321_hap1_hprc_r2_v1.0.1	ok	938c812a67b035e9	938c812a67b035e9	2.7 s
CF	q4k	r2_HG00321_hap2_hprc_r2_v1.0.1	ok	4bc6c4e0e654e0ed	4bc6c4e0e654e0ed	2.7 s
CF	q4k	r2_HG00323_hap1_hprc_r2_v1.0.1	ok	9ccae724fda2b74c	9ccae724fda2b74c	2.8 s
CF	q4k	r2_HG00323_hap2_hprc_r2_v1.0.1	ok	7a4b8b5993bd4bb2	7a4b8b5993bd4bb2	2.7 s
CF	q4k	r2_HG00329_hap1_hprc_r2_v1.0.1	ok	2dc74bfa603a2bc6	2dc74bfa603a2bc6	2.7 s
CF	q4k	r2_HG00329_hap2_hprc_r2_v1.0.1	ok	edf7cea41105bccd	edf7cea41105bccd	2.7 s
CF	q4k	r2_HG00344_hap1_hprc_r2_v1.0.1	ok	337dedf94c08fe04	337dedf94c08fe04	2.8 s
CF	q4k	r2_HG00344_hap2_hprc_r2_v1.0.1	ok	fdd28ff0e346e1cb	fdd28ff0e346e1cb	2.7 s
CF	q4k	r2_HG00350_hap1_hprc_r2_v1.0.1	ok	6290c2f639240339	6290c2f639240339	2.7 s
CF	q4k	r2_HG00350_hap2_hprc_r2_v1.0.1	ok	4e2c4f4ef705d58f	4e2c4f4ef705d58f	2.7 s
CF	q4k	r2_HG00408_mat_hprc_r2_v1.0.1	ok	c47274cc60cfb0f3	c47274cc60cfb0f3	2.7 s
CF	q4k	r2_HG00408_pat_hprc_r2_v1.0.1	ok	2db605d100844cc7	2db605d100844cc7	2.8 s
CF	q4k	r2_HG00423_mat_hprc_r2_v1.0.1	ok	d1f201d00bce8969	d1f201d00bce8969	2.7 s
CF	q4k	r2_HG00423_pat_hprc_r2_v1.0.1	ok	e8f168dc9e7188a4	e8f168dc9e7188a4	2.7 s
CF	q4k	r2_HG00438_mat_hprc_r2_v1.0.1	ok	735107c57d44b3d5	735107c57d44b3d5	2.8 s
CF	q4k	r2_HG00438_pat_hprc_r2_v1.0.1	ok	8f4c39043a73f347	8f4c39043a73f347	2.7 s
CF	q4k	r2_HG00544_mat_hprc_r2_v1.0.1	ok	306f38d8e3126f10	306f38d8e3126f10	2.8 s
CF	q4k	r2_HG00544_pat_hprc_r2_v1.0.1	ok	3baf7a0b7138526a	3baf7a0b7138526a	2.7 s
CF	q4k	r2_HG00558_mat_hprc_r2_v1.0.1	ok	5e142b34cbbf06cd	5e142b34cbbf06cd	2.7 s
CF	q4k	r2_HG00558_pat_hprc_r2_v1.0.1	ok	6ee2ae875791a7e9	6ee2ae875791a7e9	2.8 s
CF	q4k	r2_HG00597_mat_hprc_r2_v1.0.1	ok	ee0d05a67f243c5b	ee0d05a67f243c5b	2.8 s
CF	q4k	r2_HG00597_pat_hprc_r2_v1.0.1	ok	2dab215655df30a8	2dab215655df30a8	2.7 s
CF	q4k	r2_HG005_mat_hprc_r2_v1.0.1	ok	6c9cbbd6423b4e1c	6c9cbbd6423b4e1c	2.7 s
CF	q4k	r2_HG005_pat_hprc_r2_v1.0.1	ok	1e1ccef12b05df11	1e1ccef12b05df11	2.7 s
CF	q4k	r2_HG00609_mat_hprc_r2_v1.0.1	ok	b9a14f6461b99337	b9a14f6461b99337	2.7 s
CF	q4k	r2_HG00609_pat_hprc_r2_v1.0.1	ok	6cf6f128f97af9bd	6cf6f128f97af9bd	2.7 s
CF	q4k	r2_HG00621_mat_hprc_r2_v1.0.1	ok	779e3f0ed9094ff1	779e3f0ed9094ff1	2.7 s
CF	q4k	r2_HG00621_pat_hprc_r2_v1.0.1	ok	54f99acede8ce97a	54f99acede8ce97a	2.6 s
CF	q4k	r2_HG00639_mat_hprc_r2_v1.0.1	ok	95778b1ceb1d8af9	95778b1ceb1d8af9	2.7 s
CF	q4k	r2_HG00639_pat_hprc_r2_v1.0.1	ok	a02d9eb66f5faf59	a02d9eb66f5faf59	2.7 s
CF	q4k	r2_HG00642_mat_hprc_r2_v1.0.1	ok	c819023306d66b2a	c819023306d66b2a	2.7 s
CF	q4k	r2_HG00642_pat_hprc_r2_v1.0.1	ok	350a97cf175fd4f3	350a97cf175fd4f3	2.6 s
CF	q4k	r2_HG00658_mat_hprc_r2_v1.0.1	ok	c7fb4ba65de07e3f	c7fb4ba65de07e3f	2.7 s
CF	q4k	r2_HG00658_pat_hprc_r2_v1.0.1	ok	d115e0af2dd059ba	d115e0af2dd059ba	2.7 s
CF	q4k	r2_HG00673_mat_hprc_r2_v1.0.1	ok	445233edeba8ecec	445233edeba8ecec	2.7 s
CF	q4k	r2_HG00673_pat_hprc_r2_v1.0.1	ok	47ca218ce33e8955	47ca218ce33e8955	2.7 s
CF	q4k	r2_HG00706_mat_hprc_r2_v1.0.1	ok	37382e3d24f1f79d	37382e3d24f1f79d	2.7 s
CF	q4k	r2_HG00706_pat_hprc_r2_v1.0.1	ok	7fc0834e7e8ec872	7fc0834e7e8ec872	2.7 s
CF	q4k	r2_HG00733_mat_hprc_r2_v1.0.1	ok	9649c98435e0d8b1	9649c98435e0d8b1	2.7 s
CF	q4k	r2_HG00733_pat_hprc_r2_v1.0.1	ok	60351879ec330403	60351879ec330403	2.7 s
CF	q4k	r2_HG00735_mat_hprc_r2_v1.0.1	ok	ad89637fbcd77f0b	ad89637fbcd77f0b	2.7 s
CF	q4k	r2_HG00735_pat_hprc_r2_v1.0.1	ok	5b8d07fa34da0301	5b8d07fa34da0301	2.7 s
CF	q4k	r2_HG00738_mat_hprc_r2_v1.0.1	ok	8fd012edbda8fbe2	8fd012edbda8fbe2	2.7 s
CF	q4k	r2_HG00738_pat_hprc_r2_v1.0.1	ok	71922f09a6754535	71922f09a6754535	2.6 s
CF	q4k	r2_HG00741_mat_hprc_r2_v1.0.1	ok	986dd16892e6524f	986dd16892e6524f	2.7 s
CF	q4k	r2_HG00741_pat_hprc_r2_v1.0.1	ok	e5ed6d855aebd252	e5ed6d855aebd252	2.7 s
CF	q4k	r2_HG01071_mat_hprc_r2_v1.0.1	ok	21717276ed457498	21717276ed457498	2.7 s
CF	q4k	r2_HG01071_pat_hprc_r2_v1.0.1	ok	a4b2787f1a4a854c	a4b2787f1a4a854c	2.7 s
CF	q4k	r2_HG01074_mat_hprc_r2_v1.0.1	ok	8ea02c39161d20cb	8ea02c39161d20cb	2.7 s
CF	q4k	r2_HG01074_pat_hprc_r2_v1.0.1	ok	3320827dc8132400	3320827dc8132400	2.6 s
CF	q4k	r2_HG01081_mat_hprc_r2_v1.0.1	ok	b67073ab0e167674	b67073ab0e167674	2.7 s
CF	q4k	r2_HG01081_pat_hprc_r2_v1.0.1	ok	35666d919a99dc87	35666d919a99dc87	2.7 s
CF	q4k	r2_HG01099_mat_hprc_r2_v1.0.1	ok	3b2522e1bfe6a382	3b2522e1bfe6a382	2.7 s
CF	q4k	r2_HG01099_pat_hprc_r2_v1.0.1	ok	eadecc57daccf0a3	eadecc57daccf0a3	2.6 s
CF	q4k	r2_HG01106_mat_hprc_r2_v1.0.1	ok	7a8d0050b960991d	7a8d0050b960991d	2.7 s
CF	q4k	r2_HG01106_pat_hprc_r2_v1.0.1	ok	71139ad0d9e3c9a5	71139ad0d9e3c9a5	2.6 s
CF	q4k	r2_HG01109_mat_hprc_r2_v1.0.1	ok	6a2289214f092071	6a2289214f092071	2.8 s
CF	q4k	r2_HG01109_pat_hprc_r2_v1.0.1	ok	d9398d4f8a35af93	d9398d4f8a35af93	2.7 s
CF	q4k	r2_HG01123_mat_hprc_r2_v1.0.1	ok	662d1394f4d752f1	662d1394f4d752f1	2.7 s
CF	q4k	r2_HG01123_pat_hprc_r2_v1.0.1	ok	3551ea922163bc0a	3551ea922163bc0a	2.7 s
CF	q4k	r2_HG01150_mat_hprc_r2_v1.0.1	ok	91d275e2307c587f	91d275e2307c587f	2.8 s
CF	q4k	r2_HG01150_pat_hprc_r2_v1.0.1	ok	dac7d61e48833b28	dac7d61e48833b28	2.7 s
CF	q4k	r2_HG01167_hap1_hprc_r2_v1.0.1	ok	46652b7c3534d6a7	46652b7c3534d6a7	2.7 s
CF	q4k	r2_HG01167_hap2_hprc_r2_v1.0.1	ok	81fd9b07d01e6726	81fd9b07d01e6726	2.7 s
CF	q4k	r2_HG01175_mat_hprc_r2_v1.0.1	ok	85582e10ac3bc799	85582e10ac3bc799	2.7 s
CF	q4k	r2_HG01175_pat_hprc_r2_v1.0.1	ok	4504b4b587c2b58e	4504b4b587c2b58e	2.7 s
CF	q4k	r2_HG01192_mat_hprc_r2_v1.0.1	ok	15a0f0a54151be15	15a0f0a54151be15	2.7 s
CF	q4k	r2_HG01192_pat_hprc_r2_v1.0.1	ok	78dae0f041ee127a	78dae0f041ee127a	2.7 s
CF	q4k	r2_HG01243_mat_hprc_r2_v1.0.1	ok	a07ad76009df08b7	a07ad76009df08b7	2.8 s
CF	q4k	r2_HG01243_pat_hprc_r2_v1.0.1	ok	cadf7518e33f62ec	cadf7518e33f62ec	2.7 s
CF	q4k	r2_HG01252_mat_hprc_r2_v1.0.1	ok	d3457ae513279b52	d3457ae513279b52	2.7 s
CF	q4k	r2_HG01252_pat_hprc_r2_v1.0.1	ok	7334d5a555859467	7334d5a555859467	2.7 s
CF	q4k	r2_HG01255_mat_hprc_r2_v1.0.1	ok	b9acc4b82de75da2	b9acc4b82de75da2	2.8 s
CF	q4k	r2_HG01255_pat_hprc_r2_v1.0.1	ok	3f72f170782a111c	3f72f170782a111c	2.6 s
CF	q4k	r2_HG01258_mat_hprc_r2_v1.0.1	ok	f48437ed68cf0c24	f48437ed68cf0c24	2.7 s
CF	q4k	r2_HG01258_pat_hprc_r2_v1.0.1	ok	7185f2f2775568af	7185f2f2775568af	2.6 s
CF	q4k	r2_HG01261_mat_hprc_r2_v1.0.1	ok	13d008da971e1bb6	13d008da971e1bb6	2.7 s
CF	q4k	r2_HG01261_pat_hprc_r2_v1.0.1	ok	233732c0685d5ab1	233732c0685d5ab1	2.7 s
CF	q4k	r2_HG01346_mat_hprc_r2_v1.0.1	ok	a96af14b91a702c7	a96af14b91a702c7	2.7 s
CF	q4k	r2_HG01346_pat_hprc_r2_v1.0.1	ok	fba6c20f7931f7e1	fba6c20f7931f7e1	2.7 s
CF	q4k	r2_HG01358_mat_hprc_r2_v1.0.1	ok	4183cb441269000d	4183cb441269000d	2.7 s
CF	q4k	r2_HG01358_pat_hprc_r2_v1.0.1	ok	98d4dc1bc9c309e8	98d4dc1bc9c309e8	2.6 s
CF	q4k	r2_HG01361_mat_hprc_r2_v1.0.1	ok	24685d1a3bc1a585	24685d1a3bc1a585	2.7 s
CF	q4k	r2_HG01361_pat_hprc_r2_v1.0.1	ok	b5511f622e06749b	b5511f622e06749b	2.7 s
CF	q4k	r2_HG01433_mat_hprc_r2_v1.0.1	ok	829ae832b6d48a56	829ae832b6d48a56	2.7 s
CF	q4k	r2_HG01433_pat_hprc_r2_v1.0.1	ok	7f6cdc6ed195843e	7f6cdc6ed195843e	2.7 s
CF	q4k	r2_HG01496_mat_hprc_r2_v1.0.1	ok	ddba28a71bbcc35c	ddba28a71bbcc35c	2.7 s
CF	q4k	r2_HG01496_pat_hprc_r2_v1.0.1	ok	edb4e7b99f5fd83b	edb4e7b99f5fd83b	2.8 s
CF	q4k	r2_HG01530_hap1_hprc_r2_v1.0.1	ok	1a94d8b23c67299d	1a94d8b23c67299d	2.6 s
CF	q4k	r2_HG01530_hap2_hprc_r2_v1.0.1	ok	641480b10502339b	641480b10502339b	2.7 s
CF	q4k	r2_HG01784_hap1_hprc_r2_v1.0.1	ok	f94a6bd76aa5302f	f94a6bd76aa5302f	2.7 s
CF	q4k	r2_HG01784_hap2_hprc_r2_v1.0.1	ok	0c839bf975d85b6f	0c839bf975d85b6f	2.7 s
CF	q4k	r2_HG01786_hap1_hprc_r2_v1.0.1	ok	bfc205e05fbf22ec	bfc205e05fbf22ec	2.7 s
CF	q4k	r2_HG01786_hap2_hprc_r2_v1.0.1	ok	d5101e0be564d963	d5101e0be564d963	2.7 s
CF	q4k	r2_HG01884_mat_hprc_r2_v1.0.1	ok	4935705cd2f89259	4935705cd2f89259	2.8 s
CF	q4k	r2_HG01884_pat_hprc_r2_v1.0.1	ok	60ce8929965fc651	60ce8929965fc651	2.8 s
CF	q4k	r2_HG01891_mat_hprc_r2_v1.0.1	ok	3405545b0c65e269	3405545b0c65e269	2.8 s
CF	q4k	r2_HG01891_pat_hprc_r2_v1.0.1	ok	e2832adae69b55d9	e2832adae69b55d9	2.9 s
CF	q4k	r2_HG01928_mat_hprc_r2_v1.0.1	ok	b86c123a7c18f89a	b86c123a7c18f89a	2.7 s
CF	q4k	r2_HG01928_pat_hprc_r2_v1.0.1	ok	d9fe588a45605371	d9fe588a45605371	2.6 s
CF	q4k	r2_HG01934_mat_hprc_r2_v1.0.1	ok	b6b64b418b4b04fd	b6b64b418b4b04fd	2.7 s
CF	q4k	r2_HG01934_pat_hprc_r2_v1.0.1	ok	db06e2b4bb190625	db06e2b4bb190625	2.7 s
CF	q4k	r2_HG01940_mat_hprc_r2_v1.0.1	ok	bb30de7a621867a6	bb30de7a621867a6	2.7 s
CF	q4k	r2_HG01940_pat_hprc_r2_v1.0.1	ok	2b95f6689c80eba1	2b95f6689c80eba1	2.8 s
CF	q4k	r2_HG01943_mat_hprc_r2_v1.0.1	ok	1da6fd529c51425c	1da6fd529c51425c	2.8 s
CF	q4k	r2_HG01943_pat_hprc_r2_v1.0.1	ok	bda8ab9dd002ee75	bda8ab9dd002ee75	2.6 s
CF	q4k	r2_HG01952_mat_hprc_r2_v1.0.1	ok	b861876ecf967417	b861876ecf967417	2.7 s
CF	q4k	r2_HG01952_pat_hprc_r2_v1.0.1	ok	5af90c9d34bcebf8	5af90c9d34bcebf8	2.6 s
CF	q4k	r2_HG01960_mat_hprc_r2_v1.0.1	ok	b67140e0f4c2a2a1	b67140e0f4c2a2a1	2.8 s
CF	q4k	r2_HG01960_pat_hprc_r2_v1.0.1	ok	a5025f601b8c9111	a5025f601b8c9111	2.8 s
CF	q4k	r2_HG01969_mat_hprc_r2_v1.0.1	ok	692cb4214deefe0c	692cb4214deefe0c	2.7 s
CF	q4k	r2_HG01969_pat_hprc_r2_v1.0.1	ok	a80373d89200da8a	a80373d89200da8a	2.7 s
CF	q4k	r2_HG01975_mat_hprc_r2_v1.0.1	ok	87df12d848f452d6	87df12d848f452d6	2.7 s
CF	q4k	r2_HG01975_pat_hprc_r2_v1.0.1	ok	584f1d84d4567dac	584f1d84d4567dac	2.7 s
CF	q4k	r2_HG01978_mat_hprc_r2_v1.1.0	ok	4cbcf438d8e2f78f	4cbcf438d8e2f78f	2.7 s
CF	q4k	r2_HG01978_pat_hprc_r2_v1.1.0	ok	b3cd959ec77f735b	b3cd959ec77f735b	2.8 s
CF	q4k	r2_HG01981_mat_hprc_r2_v1.0.1	ok	8c62855d08f8e420	8c62855d08f8e420	2.7 s
CF	q4k	r2_HG01981_pat_hprc_r2_v1.0.1	ok	8529578a00b7e0a8	8529578a00b7e0a8	2.8 s
CF	q4k	r2_HG01993_mat_hprc_r2_v1.0.1	ok	f6209cd3e40a9535	f6209cd3e40a9535	2.7 s
CF	q4k	r2_HG01993_pat_hprc_r2_v1.0.1	ok	be5fa3f451f41aab	be5fa3f451f41aab	2.7 s
CF	q4k	r2_HG02004_mat_hprc_r2_v1.0.1	ok	fcac32411d4f2fff	fcac32411d4f2fff	2.7 s
CF	q4k	r2_HG02004_pat_hprc_r2_v1.0.1	ok	125b19b86e0a8329	125b19b86e0a8329	2.7 s
CF	q4k	r2_HG02015_mat_hprc_r2_v1.0.1	ok	26fdbb6e6853c885	26fdbb6e6853c885	2.8 s
CF	q4k	r2_HG02015_pat_hprc_r2_v1.0.1	ok	2e0b1587fe434aaa	2e0b1587fe434aaa	2.6 s
CF	q4k	r2_HG02027_mat_hprc_r2_v1.0.1	ok	8390475382d5d76e	8390475382d5d76e	2.7 s
CF	q4k	r2_HG02027_pat_hprc_r2_v1.0.1	ok	091a13ab8c11bb21	091a13ab8c11bb21	2.7 s
CF	q4k	r2_HG02040_hap1_hprc_r2_v1.0.1	ok	d9607d0bf2b3451c	d9607d0bf2b3451c	2.7 s
CF	q4k	r2_HG02040_hap2_hprc_r2_v1.0.1	ok	1cb1f93ba53b8c3a	1cb1f93ba53b8c3a	2.8 s
CF	q4k	r2_HG02055_mat_hprc_r2_v1.0.1	ok	38d932870bd708b7	38d932870bd708b7	2.8 s
CF	q4k	r2_HG02055_pat_hprc_r2_v1.0.1	ok	15a92fac74f2fa52	15a92fac74f2fa52	2.8 s
CF	q4k	r2_HG02056_mat_hprc_r2_v1.0.1	ok	569966bbe861567f	569966bbe861567f	2.7 s
CF	q4k	r2_HG02056_pat_hprc_r2_v1.0.1	ok	84ca56c53a6ff7dc	84ca56c53a6ff7dc	2.7 s
CF	q4k	r2_HG02071_mat_hprc_r2_v1.0.1	ok	935de6645ebd4042	935de6645ebd4042	2.7 s
CF	q4k	r2_HG02071_pat_hprc_r2_v1.0.1	ok	188f4f03ff2787cf	188f4f03ff2787cf	2.6 s
CF	q4k	r2_HG02074_mat_hprc_r2_v1.0.1	ok	b33ad79dcf063727	b33ad79dcf063727	2.7 s
CF	q4k	r2_HG02074_pat_hprc_r2_v1.0.1	ok	b5bcf76827747e87	b5bcf76827747e87	2.7 s
CF	q4k	r2_HG02080_mat_hprc_r2_v1.0.1	ok	5e2db8f616305b40	5e2db8f616305b40	2.7 s
CF	q4k	r2_HG02080_pat_hprc_r2_v1.0.1	ok	ea9067ce92377eca	ea9067ce92377eca	2.7 s
CF	q4k	r2_HG02083_mat_hprc_r2_v1.0.1	ok	e7e8db28e573b0ca	e7e8db28e573b0ca	2.7 s
CF	q4k	r2_HG02083_pat_hprc_r2_v1.0.1	ok	5f16130b23dfe2bf	5f16130b23dfe2bf	2.7 s
CF	q4k	r2_HG02109_mat_hprc_r2_v1.0.1	ok	488011d8abdf5db1	488011d8abdf5db1	2.8 s
CF	q4k	r2_HG02109_pat_hprc_r2_v1.0.1	ok	2ac5ebc1abee3e67	2ac5ebc1abee3e67	2.9 s
CF	q4k	r2_HG02129_mat_hprc_r2_v1.0.1	ok	20ac22323ca459e0	20ac22323ca459e0	2.7 s
CF	q4k	r2_HG02129_pat_hprc_r2_v1.0.1	ok	eeffb68fff783967	eeffb68fff783967	2.7 s
CF	q4k	r2_HG02132_mat_hprc_r2_v1.0.1	ok	2045b20af9fee73a	2045b20af9fee73a	2.7 s
CF	q4k	r2_HG02132_pat_hprc_r2_v1.0.1	ok	dabded18f7fb2d1f	dabded18f7fb2d1f	2.7 s
CF	q4k	r2_HG02135_mat_hprc_r2_v1.0.1	ok	91e15ec6f7e84946	91e15ec6f7e84946	2.7 s
CF	q4k	r2_HG02135_pat_hprc_r2_v1.0.1	ok	ba1d6f86fd81b17f	ba1d6f86fd81b17f	2.7 s
CF	q4k	r2_HG02145_mat_hprc_r2_v1.0.1	ok	595bfe612c6d5c79	595bfe612c6d5c79	2.9 s
CF	q4k	r2_HG02145_pat_hprc_r2_v1.0.1	ok	6882e8672d79f52e	6882e8672d79f52e	2.7 s
CF	q4k	r2_HG02148_mat_hprc_r2_v1.0.1	ok	79aeca54e82bd5c5	79aeca54e82bd5c5	2.7 s
CF	q4k	r2_HG02148_pat_hprc_r2_v1.0.1	ok	d377668bad966425	d377668bad966425	2.7 s
CF	q4k	r2_HG02155_hap1_hprc_r2_v1.0.1	ok	5e7c053a194bee19	5e7c053a194bee19	2.7 s
CF	q4k	r2_HG02155_hap2_hprc_r2_v1.0.1	ok	0e7b8e1becac8cbc	0e7b8e1becac8cbc	2.7 s
CF	q4k	r2_HG02165_hap1_hprc_r2_v1.0.1	ok	f26d9f8a95830b2a	f26d9f8a95830b2a	2.8 s
CF	q4k	r2_HG02165_hap2_hprc_r2_v1.0.1	ok	b72ace2f91879d44	b72ace2f91879d44	2.7 s
CF	q4k	r2_HG02178_hap1_hprc_r2_v1.0.1	ok	c77d5fa30d4e3468	c77d5fa30d4e3468	2.7 s
CF	q4k	r2_HG02178_hap2_hprc_r2_v1.0.1	ok	ca9d024cea4d83a6	ca9d024cea4d83a6	2.7 s
CF	q4k	r2_HG02257_mat_hprc_r2_v1.1.0	ok	e08c67da359a56be	e08c67da359a56be	2.8 s
CF	q4k	r2_HG02257_pat_hprc_r2_v1.1.0	ok	715a4a168c995dfe	715a4a168c995dfe	2.9 s
CF	q4k	r2_HG02258_mat_hprc_r2_v1.0.1	ok	332fe54689a07a40	332fe54689a07a40	2.8 s
CF	q4k	r2_HG02258_pat_hprc_r2_v1.0.1	ok	8de37aa033816839	8de37aa033816839	2.8 s
CF	q4k	r2_HG02273_hap1_hprc_r2_v1.0.1	ok	32e09753f7951eb3	32e09753f7951eb3	2.7 s
CF	q4k	r2_HG02273_hap2_hprc_r2_v1.0.1	ok	91cdd29350f8dad8	91cdd29350f8dad8	2.8 s
CF	q4k	r2_HG02280_mat_hprc_r2_v1.0.1	ok	b21acb83de87f51e	b21acb83de87f51e	2.9 s
CF	q4k	r2_HG02280_pat_hprc_r2_v1.0.1	ok	c236804b40198fd8	c236804b40198fd8	2.8 s
CF	q4k	r2_HG02293_mat_hprc_r2_v1.0.1	ok	a527eedc64f59297	a527eedc64f59297	2.8 s
CF	q4k	r2_HG02293_pat_hprc_r2_v1.0.1	ok	02d31975c6a9798e	02d31975c6a9798e	2.7 s
CF	q4k	r2_HG02300_mat_hprc_r2_v1.0.1	ok	08716c707cf55c5e	08716c707cf55c5e	2.7 s
CF	q4k	r2_HG02300_pat_hprc_r2_v1.0.1	ok	e5d516a282561ee9	e5d516a282561ee9	2.8 s
CF	q4k	r2_HG02391_hap1_hprc_r2_v1.0.1	ok	e8efce1f4b2526ee	e8efce1f4b2526ee	2.7 s
CF	q4k	r2_HG02391_hap2_hprc_r2_v1.0.1	ok	8808a4cad075bb4b	8808a4cad075bb4b	2.7 s
CF	q4k	r2_HG02392_hap1_hprc_r2_v1.0.1	ok	bb2f04a1bef99c27	bb2f04a1bef99c27	2.7 s
CF	q4k	r2_HG02392_hap2_hprc_r2_v1.0.1	ok	f54731e918881e01	f54731e918881e01	2.7 s
CF	q4k	r2_HG02451_mat_hprc_r2_v1.0.1	ok	1a3bc51611975b7c	1a3bc51611975b7c	2.8 s
CF	q4k	r2_HG02451_pat_hprc_r2_v1.0.1	ok	c0e37553e4eec4a3	c0e37553e4eec4a3	2.9 s
CF	q4k	r2_HG02486_mat_hprc_r2_v1.0.1	ok	fe6a4393fdb6eab7	fe6a4393fdb6eab7	2.8 s
CF	q4k	r2_HG02486_pat_hprc_r2_v1.0.1	ok	16ffbddbd27d2efa	16ffbddbd27d2efa	2.8 s
CF	q4k	r2_HG02514_mat_hprc_r2_v1.0.1	ok	34722f2236a077fb	34722f2236a077fb	2.8 s
CF	q4k	r2_HG02514_pat_hprc_r2_v1.0.1	ok	c096f69bbfcdcc29	c096f69bbfcdcc29	2.7 s
CF	q4k	r2_HG02523_mat_hprc_r2_v1.0.1	ok	e92f829a413e61a9	e92f829a413e61a9	2.7 s
CF	q4k	r2_HG02523_pat_hprc_r2_v1.0.1	ok	a35319fd046ce551	a35319fd046ce551	2.7 s
CF	q4k	r2_HG02559_mat_hprc_r2_v1.0.1	ok	5260ec7d559f453b	5260ec7d559f453b	2.8 s
CF	q4k	r2_HG02559_pat_hprc_r2_v1.0.1	ok	630aaa6ab90298cb	630aaa6ab90298cb	2.8 s
CF	q4k	r2_HG02572_mat_hprc_r2_v1.0.1	ok	070071f7f1ff9a1d	070071f7f1ff9a1d	2.8 s
CF	q4k	r2_HG02572_pat_hprc_r2_v1.0.1	ok	2cc715243b2f03ad	2cc715243b2f03ad	2.8 s
CF	q4k	r2_HG02583_hap1_hprc_r2_v1.0.1	ok	da328b1c599e657c	da328b1c599e657c	2.9 s
CF	q4k	r2_HG02583_hap2_hprc_r2_v1.0.1	ok	996abc6b2e9caf77	996abc6b2e9caf77	2.8 s
CF	q4k	r2_HG02602_mat_hprc_r2_v1.0.1	ok	7945a5a5a1f83892	7945a5a5a1f83892	2.7 s
CF	q4k	r2_HG02602_pat_hprc_r2_v1.0.1	ok	848235db79661270	848235db79661270	2.7 s
CF	q4k	r2_HG02615_mat_hprc_r2_v1.0.1	ok	94aba103b97c9570	94aba103b97c9570	2.8 s
CF	q4k	r2_HG02615_pat_hprc_r2_v1.0.1	ok	a334041666dbc90d	a334041666dbc90d	2.8 s
CF	q4k	r2_HG02622_mat_hprc_r2_v1.0.1	ok	5982ee1795af9b09	5982ee1795af9b09	2.8 s
CF	q4k	r2_HG02622_pat_hprc_r2_v1.0.1	ok	b3ca3469c016fa5c	b3ca3469c016fa5c	2.8 s
CF	q4k	r2_HG02630_mat_hprc_r2_v1.0.1	ok	13af9df36e06249d	13af9df36e06249d	2.8 s
CF	q4k	r2_HG02630_pat_hprc_r2_v1.0.1	ok	8a83ce6ddbd77d5b	8a83ce6ddbd77d5b	2.9 s
CF	q4k	r2_HG02647_mat_hprc_r2_v1.0.1	ok	3ab1ff3241c2cec1	3ab1ff3241c2cec1	2.8 s
CF	q4k	r2_HG02647_pat_hprc_r2_v1.0.1	ok	359a586ca6043319	359a586ca6043319	2.8 s
CF	q4k	r2_HG02668_mat_hprc_r2_v1.0.1	ok	0aa718ccb62b50f1	0aa718ccb62b50f1	2.8 s
CF	q4k	r2_HG02668_pat_hprc_r2_v1.0.1	ok	0bf1b2c1bfcc318f	0bf1b2c1bfcc318f	2.8 s
CF	q4k	r2_HG02698_mat_hprc_r2_v1.0.1	ok	0a1071aee21c085e	0a1071aee21c085e	2.7 s
CF	q4k	r2_HG02698_pat_hprc_r2_v1.0.1	ok	5016e7073fbaa0e5	5016e7073fbaa0e5	2.6 s
CF	q4k	r2_HG02717_mat_hprc_r2_v1.0.1	ok	c84bf9303e339472	c84bf9303e339472	2.9 s
CF	q4k	r2_HG02717_pat_hprc_r2_v1.0.1	ok	17c281f3abef5524	17c281f3abef5524	2.8 s
CF	q4k	r2_HG02723_mat_hprc_r2_v1.0.1	ok	e5fbc5122d97a9a6	e5fbc5122d97a9a6	2.8 s
CF	q4k	r2_HG02723_pat_hprc_r2_v1.0.1	ok	b6584dc314264a82	b6584dc314264a82	2.9 s
CF	q4k	r2_HG02735_mat_hprc_r2_v1.0.1	ok	9bdb15cc58f9ebfd	9bdb15cc58f9ebfd	2.7 s
CF	q4k	r2_HG02735_pat_hprc_r2_v1.0.1	ok	cf6b902923a3c3b7	cf6b902923a3c3b7	2.7 s
CF	q4k	r2_HG02738_mat_hprc_r2_v1.0.1	ok	944933f95aae3aac	944933f95aae3aac	2.7 s
CF	q4k	r2_HG02738_pat_hprc_r2_v1.0.1	ok	7385a8854af6d703	7385a8854af6d703	2.6 s
CF	q4k	r2_HG02809_mat_hprc_r2_v1.0.1	ok	ee1bb2061f8265a1	ee1bb2061f8265a1	2.8 s
CF	q4k	r2_HG02809_pat_hprc_r2_v1.0.1	ok	55e2d466095ced94	55e2d466095ced94	2.8 s
CF	q4k	r2_HG02818_mat_hprc_r2_v1.0.1	ok	885283357b323257	885283357b323257	2.8 s
CF	q4k	r2_HG02818_pat_hprc_r2_v1.0.1	ok	77a68ac5bb6242bc	77a68ac5bb6242bc	2.8 s
CF	q4k	r2_HG02841_mat_hprc_r2_v1.0.1	ok	a9f6e35e9778c7cb	a9f6e35e9778c7cb	2.8 s
CF	q4k	r2_HG02841_pat_hprc_r2_v1.0.1	ok	5f56504c230c0f73	5f56504c230c0f73	2.9 s
CF	q4k	r2_HG02886_mat_hprc_r2_v1.0.1	ok	11ce58001ff84a5e	11ce58001ff84a5e	2.8 s
CF	q4k	r2_HG02886_pat_hprc_r2_v1.0.1	ok	208706a290ff6622	208706a290ff6622	2.8 s
CF	q4k	r2_HG02922_hap1_hprc_r2_v1.0.1	ok	dc6e46d1deaf020d	dc6e46d1deaf020d	2.9 s
CF	q4k	r2_HG02922_hap2_hprc_r2_v1.0.1	ok	aa92dbe86df7c6ea	aa92dbe86df7c6ea	2.8 s
CF	q4k	r2_HG02965_hap1_hprc_r2_v1.0.1	ok	63e4145d5f2d620e	63e4145d5f2d620e	2.7 s
CF	q4k	r2_HG02965_hap2_hprc_r2_v1.0.1	ok	65298bcbbb84f036	65298bcbbb84f036	2.8 s
CF	q4k	r2_HG02976_hap1_hprc_r2_v1.0.1	ok	c3201c96ebd2b446	c3201c96ebd2b446	2.8 s
CF	q4k	r2_HG02976_hap2_hprc_r2_v1.0.1	ok	2dc2279e333b06e5	2dc2279e333b06e5	2.8 s
CF	q4k	r2_HG02984_mat_hprc_r2_v1.0.1	ok	3827babff0b46e4a	3827babff0b46e4a	2.9 s
CF	q4k	r2_HG02984_pat_hprc_r2_v1.0.1	ok	1014c5e3225cae8c	1014c5e3225cae8c	2.7 s
CF	q4k	r2_HG03017_mat_hprc_r2_v1.0.1	ok	a458f675b8b65a4f	a458f675b8b65a4f	2.7 s
CF	q4k	r2_HG03017_pat_hprc_r2_v1.0.1	ok	72c7127d7e51180a	72c7127d7e51180a	2.7 s
CF	q4k	r2_HG03041_mat_hprc_r2_v1.0.1	ok	fe88d8ac17730bf3	fe88d8ac17730bf3	2.8 s
CF	q4k	r2_HG03041_pat_hprc_r2_v1.0.1	ok	20a05aa3bf696968	20a05aa3bf696968	2.8 s
CF	q4k	r2_HG03050_mat_hprc_r2_v1.0.1	ok	c9422686dc6074cf	c9422686dc6074cf	2.8 s
CF	q4k	r2_HG03050_pat_hprc_r2_v1.0.1	ok	1a4f1ac6944dbf18	1a4f1ac6944dbf18	2.7 s
CF	q4k	r2_HG03098_mat_hprc_r2_v1.0.1	ok	75a339a9ad630f8a	75a339a9ad630f8a	2.9 s
CF	q4k	r2_HG03098_pat_hprc_r2_v1.0.1	ok	ede7786472f4a089	ede7786472f4a089	2.8 s
CF	q4k	r2_HG03130_hap1_hprc_r2_v1.0.1	ok	c1b3b150a5c691c8	c1b3b150a5c691c8	2.8 s
CF	q4k	r2_HG03130_hap2_hprc_r2_v1.0.1	ok	86610dafef5cc939	86610dafef5cc939	2.8 s
CF	q4k	r2_HG03139_hap1_hprc_r2_v1.0.1	ok	fc82151696355866	fc82151696355866	2.8 s
CF	q4k	r2_HG03139_hap2_hprc_r2_v1.0.1	ok	e4f881839c4f7b48	e4f881839c4f7b48	2.8 s
CF	q4k	r2_HG03195_hap1_hprc_r2_v1.0.1	ok	56e45fe61523ac75	56e45fe61523ac75	2.8 s
CF	q4k	r2_HG03195_hap2_hprc_r2_v1.0.1	ok	2facc3da1f48d06d	2facc3da1f48d06d	2.9 s
CF	q4k	r2_HG03209_hap1_hprc_r2_v1.0.1	ok	25ff5bf70f451be9	25ff5bf70f451be9	2.8 s
CF	q4k	r2_HG03209_hap2_hprc_r2_v1.0.1	ok	a08a71730a8c1e85	a08a71730a8c1e85	2.8 s
CF	q4k	r2_HG03225_hap1_hprc_r2_v1.0.1	ok	98acb1fb8f592b23	98acb1fb8f592b23	2.8 s
CF	q4k	r2_HG03225_hap2_hprc_r2_v1.0.1	ok	1541c126c0a20b67	1541c126c0a20b67	2.9 s
CF	q4k	r2_HG03239_mat_hprc_r2_v1.0.1	ok	38bea91d4f140bb4	38bea91d4f140bb4	2.7 s
CF	q4k	r2_HG03239_pat_hprc_r2_v1.0.1	ok	6610b6c1b99d02d2	6610b6c1b99d02d2	2.7 s
CF	q4k	r2_HG03270_hap1_hprc_r2_v1.0.1	ok	e9999ab914628a7c	e9999ab914628a7c	2.8 s
CF	q4k	r2_HG03270_hap2_hprc_r2_v1.0.1	ok	9a9a167aa2ba7dba	9a9a167aa2ba7dba	2.8 s
CF	q4k	r2_HG03369_hap1_hprc_r2_v1.0.1	ok	602a08c2fdc07f86	602a08c2fdc07f86	2.9 s
CF	q4k	r2_HG03369_hap2_hprc_r2_v1.0.1	ok	1d2d48906008242d	1d2d48906008242d	2.8 s
CF	q4k	r2_HG03453_mat_hprc_r2_v1.0.1	ok	24221ef25ceeefaa	24221ef25ceeefaa	2.9 s
CF	q4k	r2_HG03453_pat_hprc_r2_v1.0.1	ok	c8cf174af590f118	c8cf174af590f118	2.9 s
CF	q4k	r2_HG03470_hap1_hprc_r2_v1.0.1	ok	5ad32884a0219347	5ad32884a0219347	2.9 s
CF	q4k	r2_HG03470_hap2_hprc_r2_v1.0.1	ok	a48f236b5c22b36b	a48f236b5c22b36b	2.9 s
CF	q4k	r2_HG03471_hap1_hprc_r2_v1.0.1	ok	b192882776af2f97	b192882776af2f97	2.8 s
CF	q4k	r2_HG03471_hap2_hprc_r2_v1.0.1	ok	4f5ce05b926d2e6c	4f5ce05b926d2e6c	2.8 s
CF	q4k	r2_HG03486_mat_hprc_r2_v1.0.1	ok	fda3e07a90d70b3b	fda3e07a90d70b3b	2.9 s
CF	q4k	r2_HG03486_pat_hprc_r2_v1.0.1	ok	4b06df9b9f599579	4b06df9b9f599579	2.9 s
CF	q4k	r2_HG03516_mat_hprc_r2_v1.1.0	ok	5289607dc06de40b	5289607dc06de40b	2.8 s
CF	q4k	r2_HG03516_pat_hprc_r2_v1.1.0	ok	5b09c2fca5ec631d	5b09c2fca5ec631d	2.9 s
CF	q4k	r2_HG03521_hap1_hprc_r2_v1.0.1	ok	6b583974f739cada	6b583974f739cada	2.8 s
CF	q4k	r2_HG03521_hap2_hprc_r2_v1.0.1	ok	2576a11960214883	2576a11960214883	2.9 s
CF	q4k	r2_HG03540_mat_hprc_r2_v1.0.1	ok	8dd4acc0e4014608	8dd4acc0e4014608	2.9 s
CF	q4k	r2_HG03540_pat_hprc_r2_v1.0.1	ok	fefc8bc5300d0f1b	fefc8bc5300d0f1b	2.9 s
CF	q4k	r2_HG03579_mat_hprc_r2_v1.0.1	ok	57a8ba8c4d78fb95	57a8ba8c4d78fb95	2.8 s
CF	q4k	r2_HG03579_pat_hprc_r2_v1.0.1	ok	69995f450b2d5a1b	69995f450b2d5a1b	2.8 s
CF	q4k	r2_HG03583_hap1_hprc_r2_v1.0.1	ok	feb944b4c84ea79e	feb944b4c84ea79e	2.8 s
CF	q4k	r2_HG03583_hap2_hprc_r2_v1.0.1	ok	98086afcad8a531a	98086afcad8a531a	2.8 s
CF	q4k	r2_HG03654_mat_hprc_r2_v1.0.1	ok	32a8aa131beb3326	32a8aa131beb3326	2.7 s
CF	q4k	r2_HG03654_pat_hprc_r2_v1.0.1	ok	3917ea1c1c690c2c	3917ea1c1c690c2c	2.6 s
CF	q4k	r2_HG03669_mat_hprc_r2_v1.0.1	ok	f4111706b8ada66a	f4111706b8ada66a	2.7 s
CF	q4k	r2_HG03669_pat_hprc_r2_v1.0.1	ok	33c1ea9ae31b051a	33c1ea9ae31b051a	2.7 s
CF	q4k	r2_HG03688_mat_hprc_r2_v1.0.1	ok	38a372338ea34fc3	38a372338ea34fc3	2.7 s
CF	q4k	r2_HG03688_pat_hprc_r2_v1.0.1	ok	3a1708243ba26fe1	3a1708243ba26fe1	2.7 s
CF	q4k	r2_HG03704_mat_hprc_r2_v1.0.1	ok	5c4213a4387c6c9d	5c4213a4387c6c9d	2.7 s
CF	q4k	r2_HG03704_pat_hprc_r2_v1.0.1	ok	298f9f5dfbd3805e	298f9f5dfbd3805e	2.7 s
CF	q4k	r2_HG03710_mat_hprc_r2_v1.0.1	ok	dee5a1a2ebd55cc8	dee5a1a2ebd55cc8	2.7 s
CF	q4k	r2_HG03710_pat_hprc_r2_v1.0.1	ok	2952d94331bf24d3	2952d94331bf24d3	2.6 s
CF	q4k	r2_HG03742_hap1_hprc_r2_v1.0.1	ok	8d94e9180b942472	8d94e9180b942472	2.7 s
CF	q4k	r2_HG03742_hap2_hprc_r2_v1.0.1	ok	5af1708a66f10408	5af1708a66f10408	2.7 s
CF	q4k	r2_HG03784_hap1_hprc_r2_v1.0.1	ok	7641df2996afda21	7641df2996afda21	2.7 s
CF	q4k	r2_HG03784_hap2_hprc_r2_v1.0.1	ok	3221de62a16670d5	3221de62a16670d5	2.7 s
CF	q4k	r2_HG03804_mat_hprc_r2_v1.0.1	ok	94681ff2d371874f	94681ff2d371874f	2.8 s
CF	q4k	r2_HG03804_pat_hprc_r2_v1.0.1	ok	5a099516ccdc0989	5a099516ccdc0989	2.7 s
CF	q4k	r2_HG03816_mat_hprc_r2_v1.0.1	ok	964affa815574ce1	964affa815574ce1	2.7 s
CF	q4k	r2_HG03816_pat_hprc_r2_v1.0.1	ok	232ef5bf951c7105	232ef5bf951c7105	2.8 s
CF	q4k	r2_HG03831_mat_hprc_r2_v1.0.1	ok	fa0cda684803d5b1	fa0cda684803d5b1	2.7 s
CF	q4k	r2_HG03831_pat_hprc_r2_v1.0.1	ok	1523ecf484ef84d8	1523ecf484ef84d8	2.7 s
CF	q4k	r2_HG03834_mat_hprc_r2_v1.0.1	ok	11e3a7f3d2447e1a	11e3a7f3d2447e1a	2.7 s
CF	q4k	r2_HG03834_pat_hprc_r2_v1.0.1	ok	61038e99eaf8ba28	61038e99eaf8ba28	2.8 s
CF	q4k	r2_HG03874_hap1_hprc_r2_v1.0.1	ok	85d873a7cfff1359	85d873a7cfff1359	2.8 s
CF	q4k	r2_HG03874_hap2_hprc_r2_v1.0.1	ok	a859c9522d9348d6	a859c9522d9348d6	2.7 s
CF	q4k	r2_HG03927_mat_hprc_r2_v1.0.1	ok	5736d720c262ae62	5736d720c262ae62	2.7 s
CF	q4k	r2_HG03927_pat_hprc_r2_v1.0.1	ok	5dd60328e73663c7	5dd60328e73663c7	2.7 s
CF	q4k	r2_HG03942_mat_hprc_r2_v1.0.1	ok	4cc9532215885cde	4cc9532215885cde	2.7 s
CF	q4k	r2_HG03942_pat_hprc_r2_v1.0.1	ok	25b910e2ddf2b217	25b910e2ddf2b217	2.6 s
CF	q4k	r2_HG04115_mat_hprc_r2_v1.0.1	ok	bd09955fcbe4b4bf	bd09955fcbe4b4bf	2.8 s
CF	q4k	r2_HG04115_pat_hprc_r2_v1.0.1	ok	d80bb7ca3492bde9	d80bb7ca3492bde9	2.7 s
CF	q4k	r2_HG04157_mat_hprc_r2_v1.0.1	ok	f026e8d7dfa28091	f026e8d7dfa28091	2.7 s
CF	q4k	r2_HG04157_pat_hprc_r2_v1.0.1	ok	1133a9210ea43e5c	1133a9210ea43e5c	2.7 s
CF	q4k	r2_HG04160_mat_hprc_r2_v1.0.1	ok	1354f4b1227eb8df	1354f4b1227eb8df	2.7 s
CF	q4k	r2_HG04160_pat_hprc_r2_v1.0.1	ok	e3cebd14d04dbd59	e3cebd14d04dbd59	2.7 s
CF	q4k	r2_HG04184_mat_hprc_r2_v1.0.1	ok	774ee2656135d77d	774ee2656135d77d	2.7 s
CF	q4k	r2_HG04184_pat_hprc_r2_v1.0.1	ok	cba5e297b49d7ec2	cba5e297b49d7ec2	2.7 s
CF	q4k	r2_HG04187_mat_hprc_r2_v1.0.1	ok	9d2d634bcd9d20b1	9d2d634bcd9d20b1	2.7 s
CF	q4k	r2_HG04187_pat_hprc_r2_v1.0.1	ok	efb23cc963235612	efb23cc963235612	2.6 s
CF	q4k	r2_HG04199_mat_hprc_r2_v1.0.1	ok	8484376d8be51c23	8484376d8be51c23	2.7 s
CF	q4k	r2_HG04199_pat_hprc_r2_v1.0.1	ok	8b52bd531642dc0a	8b52bd531642dc0a	2.7 s
CF	q4k	r2_HG04204_mat_hprc_r2_v1.0.1	ok	7d69117e8d011b04	7d69117e8d011b04	2.7 s
CF	q4k	r2_HG04204_pat_hprc_r2_v1.0.1	ok	9c4ea6ffbd08c5fa	9c4ea6ffbd08c5fa	2.7 s
CF	q4k	r2_HG04228_mat_hprc_r2_v1.0.1	ok	1e06c4f6e4f19704	1e06c4f6e4f19704	2.7 s
CF	q4k	r2_HG04228_pat_hprc_r2_v1.0.1	ok	9eb81b3406efe5cb	9eb81b3406efe5cb	2.7 s
CF	q4k	r2_HG06807_mat_v1	ok	49c76a0d41f655f7	49c76a0d41f655f7	2.8 s
CF	q4k	r2_HG06807_pat_v1	ok	e0cae48f7e397f49	e0cae48f7e397f49	2.8 s
CF	q4k	r2_NA18505_hap1_hprc_r2_v1.0.1	ok	3370e32c8d95fe1f	3370e32c8d95fe1f	2.8 s
CF	q4k	r2_NA18505_hap2_hprc_r2_v1.0.1	ok	32ec255d47becc7e	32ec255d47becc7e	2.9 s
CF	q4k	r2_NA18508_hap1_hprc_r2_v1.0.1	ok	c692f46d92d615e8	c692f46d92d615e8	2.8 s
CF	q4k	r2_NA18508_hap2_hprc_r2_v1.0.1	ok	d3c703933591acd2	d3c703933591acd2	2.9 s
CF	q4k	r2_NA18522_hap1_hprc_r2_v1.0.1	ok	ed0c3f39aee82951	ed0c3f39aee82951	2.8 s
CF	q4k	r2_NA18522_hap2_hprc_r2_v1.0.1	ok	a73f60d4e334358e	a73f60d4e334358e	2.8 s
CF	q4k	r2_NA18565_hap1_hprc_r2_v1.0.1	ok	ce661921cc86f2e0	ce661921cc86f2e0	2.7 s
CF	q4k	r2_NA18565_hap2_hprc_r2_v1.0.1	ok	a50abe9c9b52db9f	a50abe9c9b52db9f	2.7 s
CF	q4k	r2_NA18570_hap1_hprc_r2_v1.0.1	ok	2c8c65103243359a	2c8c65103243359a	2.7 s
CF	q4k	r2_NA18570_hap2_hprc_r2_v1.0.1	ok	54ebbd823c00ed18	54ebbd823c00ed18	2.8 s
CF	q4k	r2_NA18608_hap1_hprc_r2_v1.0.1	ok	be3573fcc923ce82	be3573fcc923ce82	2.7 s
CF	q4k	r2_NA18608_hap2_hprc_r2_v1.0.1	ok	605c73511caee40d	605c73511caee40d	2.7 s
CF	q4k	r2_NA18620_hap1_hprc_r2_v1.0.1	ok	1ecd98ef047819fa	1ecd98ef047819fa	2.7 s
CF	q4k	r2_NA18620_hap2_hprc_r2_v1.0.1	ok	aeb9ff327a8a363b	aeb9ff327a8a363b	2.7 s
CF	q4k	r2_NA18747_hap1_hprc_r2_v1.0.1	ok	08879ded0b4bd33c	08879ded0b4bd33c	2.7 s
CF	q4k	r2_NA18747_hap2_hprc_r2_v1.0.1	ok	033b916e9e0d736b	033b916e9e0d736b	2.7 s
CF	q4k	r2_NA18879_hap1_hprc_r2_v1.0.1	ok	afd350115153f71f	afd350115153f71f	2.8 s
CF	q4k	r2_NA18879_hap2_hprc_r2_v1.0.1	ok	b3154afb59ba422a	b3154afb59ba422a	2.8 s
CF	q4k	r2_NA18906_mat_hprc_r2_v1.0.1	ok	122d463323dd111d	122d463323dd111d	2.8 s
CF	q4k	r2_NA18906_pat_hprc_r2_v1.0.1	ok	01a7c8e9d7733712	01a7c8e9d7733712	2.8 s
CF	q4k	r2_NA18940_hap1_hprc_r2_v1.0.1	ok	7d4bb638c5e983b4	7d4bb638c5e983b4	2.6 s
CF	q4k	r2_NA18940_hap2_hprc_r2_v1.0.1	ok	da6034a22dd6a348	da6034a22dd6a348	2.7 s
CF	q4k	r2_NA18943_hap1_hprc_r2_v1.0.1	ok	c93d62a7fd144e2a	c93d62a7fd144e2a	2.7 s
CF	q4k	r2_NA18943_hap2_hprc_r2_v1.0.1	ok	acef8dcd9720d21f	acef8dcd9720d21f	2.7 s
CF	q4k	r2_NA18944_hap1_hprc_r2_v1.0.1	ok	63db5c20e87051c3	63db5c20e87051c3	2.7 s
CF	q4k	r2_NA18944_hap2_hprc_r2_v1.0.1	ok	48e4e179d39905f2	48e4e179d39905f2	2.7 s
CF	q4k	r2_NA18945_hap1_hprc_r2_v1.0.1	ok	d5549ef40528b887	d5549ef40528b887	2.7 s
CF	q4k	r2_NA18945_hap2_hprc_r2_v1.0.1	ok	ad6cd02f587b65b3	ad6cd02f587b65b3	2.7 s
CF	q4k	r2_NA18948_hap1_hprc_r2_v1.0.1	ok	a8f676550aa71ccf	a8f676550aa71ccf	2.6 s
CF	q4k	r2_NA18948_hap2_hprc_r2_v1.0.1	ok	a788491223802ea5	a788491223802ea5	2.7 s
CF	q4k	r2_NA18952_hap1_hprc_r2_v1.0.1	ok	38b6ce649e0bda0f	38b6ce649e0bda0f	2.7 s
CF	q4k	r2_NA18952_hap2_hprc_r2_v1.0.1	ok	859b194030a01997	859b194030a01997	2.7 s
CF	q4k	r2_NA18959_hap1_hprc_r2_v1.0.1	ok	39bca079152291c7	39bca079152291c7	2.6 s
CF	q4k	r2_NA18959_hap2_hprc_r2_v1.0.1	ok	21e5a95104fc8ad9	21e5a95104fc8ad9	2.7 s
CF	q4k	r2_NA18960_hap1_hprc_r2_v1.0.1	ok	091a7b80ead7d620	091a7b80ead7d620	2.7 s
CF	q4k	r2_NA18960_hap2_hprc_r2_v1.0.1	ok	23392e395535222b	23392e395535222b	2.7 s
CF	q4k	r2_NA18967_hap1_hprc_r2_v1.0.1	ok	1787cd3049914468	1787cd3049914468	2.7 s
CF	q4k	r2_NA18967_hap2_hprc_r2_v1.0.1	ok	be98e26a7f073a00	be98e26a7f073a00	2.7 s
CF	q4k	r2_NA18970_hap1_hprc_r2_v1.0.1	ok	87974afb80ed3490	87974afb80ed3490	2.6 s
CF	q4k	r2_NA18970_hap2_hprc_r2_v1.0.1	ok	95d31e54ff30e9d2	95d31e54ff30e9d2	2.7 s
CF	q4k	r2_NA18971_hap1_hprc_r2_v1.0.1	ok	909a07974e9e9417	909a07974e9e9417	2.7 s
CF	q4k	r2_NA18971_hap2_hprc_r2_v1.0.1	ok	4c1ecbafd844ec19	4c1ecbafd844ec19	2.7 s
CF	q4k	r2_NA18974_hap1_hprc_r2_v1.0.1	ok	005d76eabc73ec16	005d76eabc73ec16	2.7 s
CF	q4k	r2_NA18974_hap2_hprc_r2_v1.0.1	ok	f81bd75837b77798	f81bd75837b77798	2.7 s
CF	q4k	r2_NA18976_hap1_hprc_r2_v1.0.1	ok	c41c1c06c0f7e5ab	c41c1c06c0f7e5ab	2.7 s
CF	q4k	r2_NA18976_hap2_hprc_r2_v1.0.1	ok	60d8e1f4931989de	60d8e1f4931989de	2.7 s
CF	q4k	r2_NA18982_hap1_hprc_r2_v1.0.1	ok	c12ca3b7b3471207	c12ca3b7b3471207	2.7 s
CF	q4k	r2_NA18982_hap2_hprc_r2_v1.0.1	ok	b96e9d8f0e2b7db6	b96e9d8f0e2b7db6	2.7 s
CF	q4k	r2_NA18983_hap1_hprc_r2_v1.0.1	ok	30f19545748276f8	30f19545748276f8	2.7 s
CF	q4k	r2_NA18983_hap2_hprc_r2_v1.0.1	ok	06601e401c955ad9	06601e401c955ad9	2.7 s
CF	q4k	r2_NA19036_hap1_hprc_r2_v1.0.1	ok	0ab271b8e83a8425	0ab271b8e83a8425	2.8 s
CF	q4k	r2_NA19036_hap2_hprc_r2_v1.0.1	ok	32a120c9daf979e4	32a120c9daf979e4	2.8 s
CF	q4k	r2_NA19043_hap1_hprc_r2_v1.0.1	ok	e0c0295a60ef3abe	e0c0295a60ef3abe	2.8 s
CF	q4k	r2_NA19043_hap2_hprc_r2_v1.0.1	ok	829f76d68e0955d3	829f76d68e0955d3	2.8 s
CF	q4k	r2_NA19087_hap1_hprc_r2_v1.0.1	ok	c855d7600e88759d	c855d7600e88759d	2.7 s
CF	q4k	r2_NA19087_hap2_hprc_r2_v1.0.1	ok	044758df9077437c	044758df9077437c	2.7 s
CF	q4k	r2_NA19159_hap1_hprc_r2_v1.0.1	ok	91bd1fc9924274bb	91bd1fc9924274bb	2.9 s
CF	q4k	r2_NA19159_hap2_hprc_r2_v1.0.1	ok	c7819a97740b8e80	c7819a97740b8e80	2.8 s
CF	q4k	r2_NA19185_hap1_hprc_r2_v1.0.1	ok	bce3ce69f45c6578	bce3ce69f45c6578	2.8 s
CF	q4k	r2_NA19185_hap2_hprc_r2_v1.0.1	ok	77febb1ec63f27d2	77febb1ec63f27d2	2.9 s
CF	q4k	r2_NA19240_mat_hprc_r2_v1.0.1	ok	7f1ec20873552c46	7f1ec20873552c46	2.8 s
CF	q4k	r2_NA19240_pat_hprc_r2_v1.0.1	ok	52dc35f41778c8dd	52dc35f41778c8dd	2.8 s
CF	q4k	r2_NA19338_hap1_hprc_r2_v1.0.1	ok	86c4d525d7dab5a5	86c4d525d7dab5a5	2.9 s
CF	q4k	r2_NA19338_hap2_hprc_r2_v1.0.1	ok	17673184bd5f7575	17673184bd5f7575	2.9 s
CF	q4k	r2_NA19391_hap1_hprc_r2_v1.0.1	ok	abee88b10f614d63	abee88b10f614d63	2.9 s
CF	q4k	r2_NA19391_hap2_hprc_r2_v1.0.1	ok	30c1dde28062a0ac	30c1dde28062a0ac	2.8 s
CF	q4k	r2_NA19443_hap1_hprc_r2_v1.0.1	ok	60ec4c83c5457a4f	60ec4c83c5457a4f	2.8 s
CF	q4k	r2_NA19443_hap2_hprc_r2_v1.0.1	ok	6524409a50afdc9e	6524409a50afdc9e	2.8 s
CF	q4k	r2_NA19468_hap1_hprc_r2_v1.0.1	ok	d5b2da835f451b6a	d5b2da835f451b6a	2.8 s
CF	q4k	r2_NA19468_hap2_hprc_r2_v1.0.1	ok	2a8031a082abc43a	2a8031a082abc43a	2.9 s
CF	q4k	r2_NA19682_hap1_hprc_r2_v1.0.1	ok	290fd59a033153e7	290fd59a033153e7	2.6 s
CF	q4k	r2_NA19682_hap2_hprc_r2_v1.0.1	ok	f596071e752f0b0f	f596071e752f0b0f	2.7 s
CF	q4k	r2_NA19700_hap1_hprc_r2_v1.0.1	ok	2005f4d3db1e3714	2005f4d3db1e3714	2.8 s
CF	q4k	r2_NA19700_hap2_hprc_r2_v1.0.1	ok	acad66ec26758338	acad66ec26758338	2.8 s
CF	q4k	r2_NA19776_hap1_hprc_r2_v1.0.1	ok	182f9dde8f760b4a	182f9dde8f760b4a	2.7 s
CF	q4k	r2_NA19776_hap2_hprc_r2_v1.0.1	ok	60cce2e0c220cafa	60cce2e0c220cafa	2.7 s
CF	q4k	r2_NA19835_hap1_hprc_r2_v1.0.1	ok	5ff63afecc14036f	5ff63afecc14036f	2.8 s
CF	q4k	r2_NA19835_hap2_hprc_r2_v1.0.1	ok	bcdfe8958c39bda3	bcdfe8958c39bda3	2.8 s
CF	q4k	r2_NA19909_hap1_hprc_r2_v1.0.1	ok	0905b6a05dd00d5e	0905b6a05dd00d5e	2.8 s
CF	q4k	r2_NA19909_hap2_hprc_r2_v1.0.1	ok	e94f5dc17f2c4bc0	e94f5dc17f2c4bc0	2.8 s
CF	q4k	r2_NA20129_mat_hprc_r2_v1.0.1	ok	1ae1cd06b25d50ad	1ae1cd06b25d50ad	2.8 s
CF	q4k	r2_NA20129_pat_hprc_r2_v1.0.1	ok	2fcf35db17d764d3	2fcf35db17d764d3	2.8 s
CF	q4k	r2_NA20282_hap1_hprc_r2_v1.0.1	ok	2d2ceae33a579f98	2d2ceae33a579f98	2.9 s
CF	q4k	r2_NA20282_hap2_hprc_r2_v1.0.1	ok	b14d75c080fead12	b14d75c080fead12	2.8 s
CF	q4k	r2_NA20346_hap1_hprc_r2_v1.0.1	ok	1b757a72ca02297c	1b757a72ca02297c	2.8 s
CF	q4k	r2_NA20346_hap2_hprc_r2_v1.0.1	ok	a7366146475c5f55	a7366146475c5f55	2.8 s
CF	q4k	r2_NA20503_hap1_hprc_r2_v1.0.1	ok	3e7be677c3619981	3e7be677c3619981	2.7 s
CF	q4k	r2_NA20503_hap2_hprc_r2_v1.0.1	ok	79f78be1ee7eb41f	79f78be1ee7eb41f	2.7 s
CF	q4k	r2_NA20752_hap1_hprc_r2_v1.0.1	ok	26737fedfa6b0e87	26737fedfa6b0e87	2.6 s
CF	q4k	r2_NA20752_hap2_hprc_r2_v1.0.1	ok	5618e8deea9a1013	5618e8deea9a1013	2.7 s
CF	q4k	r2_NA20762_hap1_hprc_r2_v1.0.1	ok	84eca6fd22998abb	84eca6fd22998abb	2.6 s
CF	q4k	r2_NA20762_hap2_hprc_r2_v1.0.1	ok	b1a0591d2842023c	b1a0591d2842023c	2.7 s
CF	q4k	r2_NA20799_hap1_hprc_r2_v1.0.1	ok	69d68e32174390f6	69d68e32174390f6	2.8 s
CF	q4k	r2_NA20799_hap2_hprc_r2_v1.0.1	ok	d52648629c4a8e96	d52648629c4a8e96	2.7 s
CF	q4k	r2_NA20805_hap1_hprc_r2_v1.0.1	ok	f0fc791285ba670c	f0fc791285ba670c	2.6 s
CF	q4k	r2_NA20805_hap2_hprc_r2_v1.0.1	ok	419c8e2d4361ccd0	419c8e2d4361ccd0	2.7 s
CF	q4k	r2_NA20806_hap1_hprc_r2_v1.0.1	ok	af254ca58178ec8a	af254ca58178ec8a	2.6 s
CF	q4k	r2_NA20806_hap2_hprc_r2_v1.0.1	ok	6d7ca7bb4d32fef9	6d7ca7bb4d32fef9	2.7 s
CF	q4k	r2_NA20809_hap1_hprc_r2_v1.0.1	ok	63a053b6a1c08b8f	63a053b6a1c08b8f	2.7 s
CF	q4k	r2_NA20809_hap2_hprc_r2_v1.0.1	ok	9345d0f4f5070f09	9345d0f4f5070f09	2.7 s
CF	q4k	r2_NA20827_hap1_hprc_r2_v1.0.1	ok	03923c263b1ec398	03923c263b1ec398	2.6 s
CF	q4k	r2_NA20827_hap2_hprc_r2_v1.0.1	ok	98795cf754011d16	98795cf754011d16	2.7 s
CF	q4k	r2_NA20850_hap1_hprc_r2_v1.0.1	ok	3cbb1e1d35a54a42	3cbb1e1d35a54a42	2.6 s
CF	q4k	r2_NA20850_hap2_hprc_r2_v1.0.1	ok	e985f11c2c78feb8	e985f11c2c78feb8	2.7 s
CF	q4k	r2_NA20870_hap1_hprc_r2_v1.0.1	ok	61265353aa14d77b	61265353aa14d77b	2.7 s
CF	q4k	r2_NA20870_hap2_hprc_r2_v1.0.1	ok	34364952f1a4a176	34364952f1a4a176	2.7 s
CF	q4k	r2_NA20905_hap1_hprc_r2_v1.0.1	ok	faf27489ff69f0a9	faf27489ff69f0a9	2.6 s
CF	q4k	r2_NA20905_hap2_hprc_r2_v1.0.1	ok	7f7b9ea7505e02a0	7f7b9ea7505e02a0	2.7 s
CF	q4k	r2_NA21093_hap1_hprc_r2_v1.0.1	ok	15e6b5b959925856	15e6b5b959925856	2.7 s
CF	q4k	r2_NA21093_hap2_hprc_r2_v1.0.1	ok	0b7cf25c5133e59c	0b7cf25c5133e59c	2.7 s
CF	q4k	r2_NA21102_hap1_hprc_r2_v1.0.1	ok	145c69a217314ad3	145c69a217314ad3	2.7 s
CF	q4k	r2_NA21102_hap2_hprc_r2_v1.0.1	ok	ae6a7f05dfb60457	ae6a7f05dfb60457	2.7 s
CF	q4k	r2_NA21106_hap1_hprc_r2_v1.0.1	ok	93939dd9b8912f38	93939dd9b8912f38	2.7 s
CF	q4k	r2_NA21106_hap2_hprc_r2_v1.0.1	ok	614951588f031c85	614951588f031c85	2.7 s
CF	q4k	r2_NA21110_hap1_hprc_r2_v1.0.1	ok	ff2305ebca35b59f	ff2305ebca35b59f	2.7 s
CF	q4k	r2_NA21110_hap2_hprc_r2_v1.0.1	ok	7ad31c6112464813	7ad31c6112464813	2.7 s
CF	q4k	r2_NA21144_hap1_hprc_r2_v1.0.1	ok	34a64ac38d74cad3	34a64ac38d74cad3	2.7 s
CF	q4k	r2_NA21144_hap2_hprc_r2_v1.0.1	ok	35746c68179f5949	35746c68179f5949	2.7 s
CF	q4k	r2_NA21309_mat_hprc_r2_v1.0.1	ok	caec985d0ef519d3	caec985d0ef519d3	2.9 s
CF	q4k	r2_NA21309_pat_hprc_r2_v1.0.1	ok	8ec8c1db86c31d8a	8ec8c1db86c31d8a	2.8 s
CF	q4k	r2_hg002v1.1.mat_MT	ok	0f097dd3fce84c4f	0f097dd3fce84c4f	2.7 s
CF	q4k	r2_hg002v1.1.pat	ok	a6ac61819a167696	a6ac61819a167696	2.6 s
CF	q4k	y1_HG002.1	ok	77ff8005d4dbb4d2	77ff8005d4dbb4d2	3.1 s
CF	q4k	y1_HG002.2	ok	41738558472d5f12	41738558472d5f12	3.2 s
CF	q4k	y1_HG00438.1	ok	0fae37e31e54fb34	0fae37e31e54fb34	3.2 s
CF	q4k	y1_HG00438.2	ok	dd9c58efe72c3e7e	dd9c58efe72c3e7e	3.1 s
CF	q4k	y1_HG005.1	ok	217def02b5c45104	217def02b5c45104	3.2 s
CF	q4k	y1_HG005.2	ok	6bfccef3e432d0c6	6bfccef3e432d0c6	3.2 s
CF	q4k	y1_HG00621.1	ok	92d36c1ffac5c77b	92d36c1ffac5c77b	3.1 s
CF	q4k	y1_HG00621.2	ok	1ddaf8b98d9bee03	1ddaf8b98d9bee03	3.3 s
CF	q4k	y1_HG00673.1	ok	503057c75802fbde	503057c75802fbde	3.1 s
CF	q4k	y1_HG00673.2	ok	58d83e29d3fad021	58d83e29d3fad021	3.1 s
CF	q4k	y1_HG00733.1	ok	54079886175c4372	54079886175c4372	3.1 s
CF	q4k	y1_HG00733.2	ok	a62f97453d5a3e17	a62f97453d5a3e17	3.0 s
CF	q4k	y1_HG00735.1	ok	7c0e229355ff2cfb	7c0e229355ff2cfb	3.2 s
CF	q4k	y1_HG00735.2	ok	125726a7e89394cd	125726a7e89394cd	3.1 s
CF	q4k	y1_HG00741.1	ok	f609c03aa0d1cf78	f609c03aa0d1cf78	3.2 s
CF	q4k	y1_HG00741.2	ok	dcb7609c023a013e	dcb7609c023a013e	3.1 s
CF	q4k	y1_HG01071.1	ok	a6bf9eae37e662b3	a6bf9eae37e662b3	3.2 s
CF	q4k	y1_HG01071.2	ok	dea3a34f74e702c5	dea3a34f74e702c5	3.0 s
CF	q4k	y1_HG01106.1	ok	b29756ed23ec0212	b29756ed23ec0212	3.1 s
CF	q4k	y1_HG01106.2	ok	ba611c244d4bbff5	ba611c244d4bbff5	3.2 s
CF	q4k	y1_HG01109.1	ok	9fadc2957c4e54ea	9fadc2957c4e54ea	3.2 s
CF	q4k	y1_HG01109.2	ok	7540111600f698c6	7540111600f698c6	3.3 s
CF	q4k	y1_HG01123.1	ok	bb648477494c9c5b	bb648477494c9c5b	3.1 s
CF	q4k	y1_HG01123.2	ok	9375e065910e1cc0	9375e065910e1cc0	3.1 s
CF	q4k	y1_HG01175.1	ok	31529d95d4155b86	31529d95d4155b86	3.2 s
CF	q4k	y1_HG01175.2	ok	a95c6dd97e3a8bf6	a95c6dd97e3a8bf6	3.2 s
CF	q4k	y1_HG01243.1	ok	ad83db0137567422	ad83db0137567422	3.1 s
CF	q4k	y1_HG01243.2	ok	968f62f5a3a34289	968f62f5a3a34289	3.2 s
CF	q4k	y1_HG01258.1	ok	d5a6d3121f7fe477	d5a6d3121f7fe477	3.1 s
CF	q4k	y1_HG01258.2	ok	bd938808e20403b1	bd938808e20403b1	3.1 s
CF	q4k	y1_HG01358.1	ok	41ef5c4e069aa77f	41ef5c4e069aa77f	3.1 s
CF	q4k	y1_HG01358.2	ok	6048e6167721da7e	6048e6167721da7e	3.1 s
CF	q4k	y1_HG01361.1	ok	deca6705d81ed322	deca6705d81ed322	3.1 s
CF	q4k	y1_HG01361.2	ok	065dfab9752010d4	065dfab9752010d4	3.1 s
CF	q4k	y1_HG01891.1	ok	5abc96480266c733	5abc96480266c733	3.3 s
CF	q4k	y1_HG01891.2	ok	c3a1d0def4dfcd07	c3a1d0def4dfcd07	3.2 s
CF	q4k	y1_HG01928.1	ok	aa1d38406de8d012	aa1d38406de8d012	3.1 s
CF	q4k	y1_HG01928.2	ok	15f8d5ec08e98830	15f8d5ec08e98830	3.1 s
CF	q4k	y1_HG01952.1	ok	d81a7df3bd7611da	d81a7df3bd7611da	3.2 s
CF	q4k	y1_HG01952.2	ok	fa1fb7086ab53c83	fa1fb7086ab53c83	3.2 s
CF	q4k	y1_HG01978.1	ok	069b694e45af5ff6	069b694e45af5ff6	3.2 s
CF	q4k	y1_HG01978.2	ok	6ab10412b4f2be95	6ab10412b4f2be95	3.2 s
CF	q4k	y1_HG02055.1	ok	eb6ab1e6d4bb2fba	eb6ab1e6d4bb2fba	3.3 s
CF	q4k	y1_HG02055.2	ok	765be1e180619f63	765be1e180619f63	3.3 s
CF	q4k	y1_HG02080.1	ok	4634283aac997faa	4634283aac997faa	3.1 s
CF	q4k	y1_HG02080.2	ok	43752166e1fe1029	43752166e1fe1029	3.1 s
CF	q4k	y1_HG02109.1	ok	8d72d8f6bcd47ff2	8d72d8f6bcd47ff2	3.3 s
CF	q4k	y1_HG02109.2	ok	786019365179ff28	786019365179ff28	3.2 s
CF	q4k	y1_HG02145.1	ok	7c31cdc41313789f	7c31cdc41313789f	3.2 s
CF	q4k	y1_HG02145.2	ok	d13042a21901b0d6	d13042a21901b0d6	3.2 s
CF	q4k	y1_HG02148.1	ok	afac31544811d5ff	afac31544811d5ff	3.1 s
CF	q4k	y1_HG02148.2	ok	1f7196686766d633	1f7196686766d633	3.2 s
CF	q4k	y1_HG02257.1	ok	0af02bdee3049b56	0af02bdee3049b56	3.3 s
CF	q4k	y1_HG02257.2	ok	a5ff65b7ce4f117d	a5ff65b7ce4f117d	3.3 s
CF	q4k	y1_HG02486.1	ok	ae7db14e0fda7d7e	ae7db14e0fda7d7e	3.4 s
CF	q4k	y1_HG02486.2	ok	de55d102b3a58aaa	de55d102b3a58aaa	3.3 s
CF	q4k	y1_HG02559.1	ok	d3de8bf8657f0599	d3de8bf8657f0599	3.4 s
CF	q4k	y1_HG02559.2	ok	c80f9437765be6f0	c80f9437765be6f0	3.3 s
CF	q4k	y1_HG02572.1	ok	6e9475af697afc15	6e9475af697afc15	3.2 s
CF	q4k	y1_HG02572.2	ok	0a91468da3ed15c3	0a91468da3ed15c3	3.3 s
CF	q4k	y1_HG02622.1	ok	9e84fca0a0be7dfd	9e84fca0a0be7dfd	3.3 s
CF	q4k	y1_HG02622.2	ok	71f5a43bbd9dea06	71f5a43bbd9dea06	3.1 s
CF	q4k	y1_HG02630.1	ok	3dd29861bb5adf1a	3dd29861bb5adf1a	3.3 s
CF	q4k	y1_HG02630.2	ok	3b1cdee6779ee182	3b1cdee6779ee182	3.3 s
CF	q4k	y1_HG02717.1	ok	a09b56df65b21a4a	a09b56df65b21a4a	3.2 s
CF	q4k	y1_HG02717.2	ok	391cbab73930a43f	391cbab73930a43f	3.2 s
CF	q4k	y1_HG02723.1	ok	7218428a6a5b9fa1	7218428a6a5b9fa1	3.2 s
CF	q4k	y1_HG02723.2	ok	4a1f46107190c1ee	4a1f46107190c1ee	3.3 s
CF	q4k	y1_HG02818.1	ok	1bfa862c3bb18246	1bfa862c3bb18246	3.2 s
CF	q4k	y1_HG02818.2	ok	0a012f92402e0b56	0a012f92402e0b56	3.2 s
CF	q4k	y1_HG02886.1	ok	5f9f6e88a3da8e26	5f9f6e88a3da8e26	3.4 s
CF	q4k	y1_HG02886.2	ok	380dfb2881b5e27c	380dfb2881b5e27c	3.3 s
CF	q4k	y1_HG03098.1	ok	44aa615393c4fb67	44aa615393c4fb67	3.1 s
CF	q4k	y1_HG03098.2	ok	7b7e155e9013875b	7b7e155e9013875b	3.3 s
CF	q4k	y1_HG03453.1	ok	53dfd757260ddbc2	53dfd757260ddbc2	3.3 s
CF	q4k	y1_HG03453.2	ok	e847ba7824ea4154	e847ba7824ea4154	3.3 s
CF	q4k	y1_HG03486.1	ok	c632d7637a335c06	c632d7637a335c06	3.3 s
CF	q4k	y1_HG03486.2	ok	fbe78ccb54f15e69	fbe78ccb54f15e69	3.3 s
CF	q4k	y1_HG03492.1	ok	73c601f39202b973	73c601f39202b973	3.0 s
CF	q4k	y1_HG03492.2	ok	7aa4b6bdaf8a87b8	7aa4b6bdaf8a87b8	3.2 s
CF	q4k	y1_HG03516.1	ok	74c2da082ac2c79f	74c2da082ac2c79f	3.4 s
CF	q4k	y1_HG03516.2	ok	02b3f2a6fe37dba9	02b3f2a6fe37dba9	3.2 s
CF	q4k	y1_HG03540.1	ok	bf0d36c596acc3f0	bf0d36c596acc3f0	3.3 s
CF	q4k	y1_HG03540.2	ok	8d530d59ca079197	8d530d59ca079197	3.3 s
CF	q4k	y1_HG03579.1	ok	877449add96955d4	877449add96955d4	3.2 s
CF	q4k	y1_HG03579.2	ok	f8f8761565ddb4b6	f8f8761565ddb4b6	3.2 s
CF	q4k	y1_NA18906.1	ok	80a1ae306f93ff80	80a1ae306f93ff80	3.4 s
CF	q4k	y1_NA18906.2	ok	ab2206e35ddcdf24	ab2206e35ddcdf24	3.3 s
CF	q4k	y1_NA19240.1	ok	a54203b0c040069b	a54203b0c040069b	3.4 s
CF	q4k	y1_NA19240.2	ok	6cddc1d72e252674	6cddc1d72e252674	3.2 s
CF	q4k	y1_NA20129.1	ok	aa770f4577a25c49	aa770f4577a25c49	3.3 s
CF	q4k	y1_NA20129.2	ok	589c5ea52eb468b9	589c5ea52eb468b9	3.3 s
CF	q4k	y1_NA21309.1	ok	f8a3d91bafdca097	f8a3d91bafdca097	3.2 s
CF	q4k	y1_NA21309.2	ok	25519176fa38be5b	25519176fa38be5b	3.2 s
CF	q16k	r2_HG00097_hap1_hprc_r2_v1.0.1	ok	5e736ee9f8401de6	5e736ee9f8401de6	2.0 s
CF	q16k	r2_HG00097_hap2_hprc_r2_v1.0.1	ok	f341e3784db31f1e	f341e3784db31f1e	2.3 s
CF	q16k	r2_HG00099_hap1_hprc_r2_v1.0.1	ok	589d7e870e1b21bc	589d7e870e1b21bc	2.4 s
CF	q16k	r2_HG00099_hap2_hprc_r2_v1.0.1	ok	99014e4486a907bc	99014e4486a907bc	2.4 s
CF	q16k	r2_HG00126_hap1_hprc_r2_v1.0.1	ok	7c8f70323ed22b4e	7c8f70323ed22b4e	2.3 s
CF	q16k	r2_HG00126_hap2_hprc_r2_v1.0.1	ok	ade121e383b50a4b	ade121e383b50a4b	2.4 s
CF	q16k	r2_HG00128_hap1_hprc_r2_v1.0.1	ok	4ac542314022ffc9	4ac542314022ffc9	2.4 s
CF	q16k	r2_HG00128_hap2_hprc_r2_v1.0.1	ok	f2c99f362fb49236	f2c99f362fb49236	2.4 s
CF	q16k	r2_HG00133_hap1_hprc_r2_v1.0.1	ok	6ad080b53827b13c	6ad080b53827b13c	2.4 s
CF	q16k	r2_HG00133_hap2_hprc_r2_v1.0.1	ok	9f95b538c359b457	9f95b538c359b457	2.3 s
CF	q16k	r2_HG00140_hap1_hprc_r2_v1.0.1	ok	c74a5ff468458ecd	c74a5ff468458ecd	2.3 s
CF	q16k	r2_HG00140_hap2_hprc_r2_v1.0.1	ok	7e2a6e8856f56081	7e2a6e8856f56081	2.4 s
CF	q16k	r2_HG00146_hap1_hprc_r2_v1.0.1	ok	212f0e012a752b70	212f0e012a752b70	2.4 s
CF	q16k	r2_HG00146_hap2_hprc_r2_v1.0.1	ok	c8102b90dbd33f77	c8102b90dbd33f77	2.4 s
CF	q16k	r2_HG00232_hap1_hprc_r2_v1.0.1	ok	a9b55f806d643439	a9b55f806d643439	2.4 s
CF	q16k	r2_HG00232_hap2_hprc_r2_v1.0.1	ok	11e34ac87f3f700e	11e34ac87f3f700e	2.4 s
CF	q16k	r2_HG00235_hap1_hprc_r2_v1.0.1	ok	902a9fec09f10d7f	902a9fec09f10d7f	2.3 s
CF	q16k	r2_HG00235_hap2_hprc_r2_v1.0.1	ok	fa6d6f945289b153	fa6d6f945289b153	2.4 s
CF	q16k	r2_HG00253_hap1_hprc_r2_v1.0.1	ok	86c08ee660a627f2	86c08ee660a627f2	2.4 s
CF	q16k	r2_HG00253_hap2_hprc_r2_v1.0.1	ok	fc41b79911bc7fad	fc41b79911bc7fad	2.5 s
CF	q16k	r2_HG00272_hap1_hprc_r2_v1.0.1	ok	8c56036b18be0db7	8c56036b18be0db7	2.5 s
CF	q16k	r2_HG00272_hap2_hprc_r2_v1.0.1	ok	7a840f79e3b93827	7a840f79e3b93827	2.4 s
CF	q16k	r2_HG00280_hap1_hprc_r2_v1.0.1	ok	1b4593f34b539bd9	1b4593f34b539bd9	2.3 s
CF	q16k	r2_HG00280_hap2_hprc_r2_v1.0.1	ok	f3aae00a4950375e	f3aae00a4950375e	2.4 s
CF	q16k	r2_HG00290_hap1_hprc_r2_v1.0.1	ok	fb4154b58b77d41d	fb4154b58b77d41d	2.3 s
CF	q16k	r2_HG00290_hap2_hprc_r2_v1.0.1	ok	4e71221ac389eb8e	4e71221ac389eb8e	2.3 s
CF	q16k	r2_HG00320_hap1_hprc_r2_v1.0.1	ok	60bddc9260e3c3d8	60bddc9260e3c3d8	2.4 s
CF	q16k	r2_HG00320_hap2_hprc_r2_v1.0.1	ok	c4dc0ff10e331dc7	c4dc0ff10e331dc7	2.4 s
CF	q16k	r2_HG00321_hap1_hprc_r2_v1.0.1	ok	938c812a67b035e9	938c812a67b035e9	2.4 s
CF	q16k	r2_HG00321_hap2_hprc_r2_v1.0.1	ok	4bc6c4e0e654e0ed	4bc6c4e0e654e0ed	2.4 s
CF	q16k	r2_HG00323_hap1_hprc_r2_v1.0.1	ok	9ccae724fda2b74c	9ccae724fda2b74c	2.4 s
CF	q16k	r2_HG00323_hap2_hprc_r2_v1.0.1	ok	7a4b8b5993bd4bb2	7a4b8b5993bd4bb2	2.4 s
CF	q16k	r2_HG00329_hap1_hprc_r2_v1.0.1	ok	2dc74bfa603a2bc6	2dc74bfa603a2bc6	2.2 s
CF	q16k	r2_HG00329_hap2_hprc_r2_v1.0.1	ok	edf7cea41105bccd	edf7cea41105bccd	2.4 s
CF	q16k	r2_HG00344_hap1_hprc_r2_v1.0.1	ok	337dedf94c08fe04	337dedf94c08fe04	2.4 s
CF	q16k	r2_HG00344_hap2_hprc_r2_v1.0.1	ok	fdd28ff0e346e1cb	fdd28ff0e346e1cb	2.4 s
CF	q16k	r2_HG00350_hap1_hprc_r2_v1.0.1	ok	6290c2f639240339	6290c2f639240339	2.4 s
CF	q16k	r2_HG00350_hap2_hprc_r2_v1.0.1	ok	4e2c4f4ef705d58f	4e2c4f4ef705d58f	2.4 s
CF	q16k	r2_HG00408_mat_hprc_r2_v1.0.1	ok	c47274cc60cfb0f3	c47274cc60cfb0f3	2.4 s
CF	q16k	r2_HG00408_pat_hprc_r2_v1.0.1	ok	2db605d100844cc7	2db605d100844cc7	2.5 s
CF	q16k	r2_HG00423_mat_hprc_r2_v1.0.1	ok	d1f201d00bce8969	d1f201d00bce8969	2.3 s
CF	q16k	r2_HG00423_pat_hprc_r2_v1.0.1	ok	e8f168dc9e7188a4	e8f168dc9e7188a4	2.4 s
CF	q16k	r2_HG00438_mat_hprc_r2_v1.0.1	ok	735107c57d44b3d5	735107c57d44b3d5	2.4 s
CF	q16k	r2_HG00438_pat_hprc_r2_v1.0.1	ok	8f4c39043a73f347	8f4c39043a73f347	2.4 s
CF	q16k	r2_HG00544_mat_hprc_r2_v1.0.1	ok	306f38d8e3126f10	306f38d8e3126f10	2.4 s
CF	q16k	r2_HG00544_pat_hprc_r2_v1.0.1	ok	3baf7a0b7138526a	3baf7a0b7138526a	2.4 s
CF	q16k	r2_HG00558_mat_hprc_r2_v1.0.1	ok	5e142b34cbbf06cd	5e142b34cbbf06cd	2.4 s
CF	q16k	r2_HG00558_pat_hprc_r2_v1.0.1	ok	6ee2ae875791a7e9	6ee2ae875791a7e9	2.4 s
CF	q16k	r2_HG00597_mat_hprc_r2_v1.0.1	ok	ee0d05a67f243c5b	ee0d05a67f243c5b	2.5 s
CF	q16k	r2_HG00597_pat_hprc_r2_v1.0.1	ok	2dab215655df30a8	2dab215655df30a8	2.4 s
CF	q16k	r2_HG005_mat_hprc_r2_v1.0.1	ok	6c9cbbd6423b4e1c	6c9cbbd6423b4e1c	2.4 s
CF	q16k	r2_HG005_pat_hprc_r2_v1.0.1	ok	1e1ccef12b05df11	1e1ccef12b05df11	2.2 s
CF	q16k	r2_HG00609_mat_hprc_r2_v1.0.1	ok	b9a14f6461b99337	b9a14f6461b99337	2.4 s
CF	q16k	r2_HG00609_pat_hprc_r2_v1.0.1	ok	6cf6f128f97af9bd	6cf6f128f97af9bd	2.3 s
CF	q16k	r2_HG00621_mat_hprc_r2_v1.0.1	ok	779e3f0ed9094ff1	779e3f0ed9094ff1	2.4 s
CF	q16k	r2_HG00621_pat_hprc_r2_v1.0.1	ok	54f99acede8ce97a	54f99acede8ce97a	2.3 s
CF	q16k	r2_HG00639_mat_hprc_r2_v1.0.1	ok	95778b1ceb1d8af9	95778b1ceb1d8af9	2.5 s
CF	q16k	r2_HG00639_pat_hprc_r2_v1.0.1	ok	a02d9eb66f5faf59	a02d9eb66f5faf59	2.4 s
CF	q16k	r2_HG00642_mat_hprc_r2_v1.0.1	ok	c819023306d66b2a	c819023306d66b2a	2.4 s
CF	q16k	r2_HG00642_pat_hprc_r2_v1.0.1	ok	350a97cf175fd4f3	350a97cf175fd4f3	2.3 s
CF	q16k	r2_HG00658_mat_hprc_r2_v1.0.1	ok	c7fb4ba65de07e3f	c7fb4ba65de07e3f	2.4 s
CF	q16k	r2_HG00658_pat_hprc_r2_v1.0.1	ok	d115e0af2dd059ba	d115e0af2dd059ba	2.3 s
CF	q16k	r2_HG00673_mat_hprc_r2_v1.0.1	ok	445233edeba8ecec	445233edeba8ecec	2.4 s
CF	q16k	r2_HG00673_pat_hprc_r2_v1.0.1	ok	47ca218ce33e8955	47ca218ce33e8955	2.3 s
CF	q16k	r2_HG00706_mat_hprc_r2_v1.0.1	ok	37382e3d24f1f79d	37382e3d24f1f79d	2.4 s
CF	q16k	r2_HG00706_pat_hprc_r2_v1.0.1	ok	7fc0834e7e8ec872	7fc0834e7e8ec872	2.3 s
CF	q16k	r2_HG00733_mat_hprc_r2_v1.0.1	ok	9649c98435e0d8b1	9649c98435e0d8b1	2.4 s
CF	q16k	r2_HG00733_pat_hprc_r2_v1.0.1	ok	60351879ec330403	60351879ec330403	2.4 s
CF	q16k	r2_HG00735_mat_hprc_r2_v1.0.1	ok	ad89637fbcd77f0b	ad89637fbcd77f0b	2.4 s
CF	q16k	r2_HG00735_pat_hprc_r2_v1.0.1	ok	5b8d07fa34da0301	5b8d07fa34da0301	2.4 s
CF	q16k	r2_HG00738_mat_hprc_r2_v1.0.1	ok	8fd012edbda8fbe2	8fd012edbda8fbe2	2.3 s
CF	q16k	r2_HG00738_pat_hprc_r2_v1.0.1	ok	71922f09a6754535	71922f09a6754535	2.3 s
CF	q16k	r2_HG00741_mat_hprc_r2_v1.0.1	ok	986dd16892e6524f	986dd16892e6524f	2.4 s
CF	q16k	r2_HG00741_pat_hprc_r2_v1.0.1	ok	e5ed6d855aebd252	e5ed6d855aebd252	2.4 s
CF	q16k	r2_HG01071_mat_hprc_r2_v1.0.1	ok	21717276ed457498	21717276ed457498	2.4 s
CF	q16k	r2_HG01071_pat_hprc_r2_v1.0.1	ok	a4b2787f1a4a854c	a4b2787f1a4a854c	2.4 s
CF	q16k	r2_HG01074_mat_hprc_r2_v1.0.1	ok	8ea02c39161d20cb	8ea02c39161d20cb	2.4 s
CF	q16k	r2_HG01074_pat_hprc_r2_v1.0.1	ok	3320827dc8132400	3320827dc8132400	2.2 s
CF	q16k	r2_HG01081_mat_hprc_r2_v1.0.1	ok	b67073ab0e167674	b67073ab0e167674	2.5 s
CF	q16k	r2_HG01081_pat_hprc_r2_v1.0.1	ok	35666d919a99dc87	35666d919a99dc87	2.4 s
CF	q16k	r2_HG01099_mat_hprc_r2_v1.0.1	ok	3b2522e1bfe6a382	3b2522e1bfe6a382	2.4 s
CF	q16k	r2_HG01099_pat_hprc_r2_v1.0.1	ok	eadecc57daccf0a3	eadecc57daccf0a3	2.3 s
CF	q16k	r2_HG01106_mat_hprc_r2_v1.0.1	ok	7a8d0050b960991d	7a8d0050b960991d	2.4 s
CF	q16k	r2_HG01106_pat_hprc_r2_v1.0.1	ok	71139ad0d9e3c9a5	71139ad0d9e3c9a5	2.3 s
CF	q16k	r2_HG01109_mat_hprc_r2_v1.0.1	ok	6a2289214f092071	6a2289214f092071	2.5 s
CF	q16k	r2_HG01109_pat_hprc_r2_v1.0.1	ok	d9398d4f8a35af93	d9398d4f8a35af93	2.3 s
CF	q16k	r2_HG01123_mat_hprc_r2_v1.0.1	ok	662d1394f4d752f1	662d1394f4d752f1	2.4 s
CF	q16k	r2_HG01123_pat_hprc_r2_v1.0.1	ok	3551ea922163bc0a	3551ea922163bc0a	2.4 s
CF	q16k	r2_HG01150_mat_hprc_r2_v1.0.1	ok	91d275e2307c587f	91d275e2307c587f	2.4 s
CF	q16k	r2_HG01150_pat_hprc_r2_v1.0.1	ok	dac7d61e48833b28	dac7d61e48833b28	2.4 s
CF	q16k	r2_HG01167_hap1_hprc_r2_v1.0.1	ok	46652b7c3534d6a7	46652b7c3534d6a7	2.4 s
CF	q16k	r2_HG01167_hap2_hprc_r2_v1.0.1	ok	81fd9b07d01e6726	81fd9b07d01e6726	2.5 s
CF	q16k	r2_HG01175_mat_hprc_r2_v1.0.1	ok	85582e10ac3bc799	85582e10ac3bc799	2.4 s
CF	q16k	r2_HG01175_pat_hprc_r2_v1.0.1	ok	4504b4b587c2b58e	4504b4b587c2b58e	2.4 s
CF	q16k	r2_HG01192_mat_hprc_r2_v1.0.1	ok	15a0f0a54151be15	15a0f0a54151be15	2.3 s
CF	q16k	r2_HG01192_pat_hprc_r2_v1.0.1	ok	78dae0f041ee127a	78dae0f041ee127a	2.3 s
CF	q16k	r2_HG01243_mat_hprc_r2_v1.0.1	ok	a07ad76009df08b7	a07ad76009df08b7	2.5 s
CF	q16k	r2_HG01243_pat_hprc_r2_v1.0.1	ok	cadf7518e33f62ec	cadf7518e33f62ec	2.4 s
CF	q16k	r2_HG01252_mat_hprc_r2_v1.0.1	ok	d3457ae513279b52	d3457ae513279b52	2.4 s
CF	q16k	r2_HG01252_pat_hprc_r2_v1.0.1	ok	7334d5a555859467	7334d5a555859467	2.3 s
CF	q16k	r2_HG01255_mat_hprc_r2_v1.0.1	ok	b9acc4b82de75da2	b9acc4b82de75da2	2.4 s
CF	q16k	r2_HG01255_pat_hprc_r2_v1.0.1	ok	3f72f170782a111c	3f72f170782a111c	2.3 s
CF	q16k	r2_HG01258_mat_hprc_r2_v1.0.1	ok	f48437ed68cf0c24	f48437ed68cf0c24	2.4 s
CF	q16k	r2_HG01258_pat_hprc_r2_v1.0.1	ok	7185f2f2775568af	7185f2f2775568af	2.3 s
CF	q16k	r2_HG01261_mat_hprc_r2_v1.0.1	ok	13d008da971e1bb6	13d008da971e1bb6	2.4 s
CF	q16k	r2_HG01261_pat_hprc_r2_v1.0.1	ok	233732c0685d5ab1	233732c0685d5ab1	2.3 s
CF	q16k	r2_HG01346_mat_hprc_r2_v1.0.1	ok	a96af14b91a702c7	a96af14b91a702c7	2.4 s
CF	q16k	r2_HG01346_pat_hprc_r2_v1.0.1	ok	fba6c20f7931f7e1	fba6c20f7931f7e1	2.4 s
CF	q16k	r2_HG01358_mat_hprc_r2_v1.0.1	ok	4183cb441269000d	4183cb441269000d	2.4 s
CF	q16k	r2_HG01358_pat_hprc_r2_v1.0.1	ok	98d4dc1bc9c309e8	98d4dc1bc9c309e8	2.3 s
CF	q16k	r2_HG01361_mat_hprc_r2_v1.0.1	ok	24685d1a3bc1a585	24685d1a3bc1a585	2.4 s
CF	q16k	r2_HG01361_pat_hprc_r2_v1.0.1	ok	b5511f622e06749b	b5511f622e06749b	2.3 s
CF	q16k	r2_HG01433_mat_hprc_r2_v1.0.1	ok	829ae832b6d48a56	829ae832b6d48a56	2.4 s
CF	q16k	r2_HG01433_pat_hprc_r2_v1.0.1	ok	7f6cdc6ed195843e	7f6cdc6ed195843e	2.4 s
CF	q16k	r2_HG01496_mat_hprc_r2_v1.0.1	ok	ddba28a71bbcc35c	ddba28a71bbcc35c	2.4 s
CF	q16k	r2_HG01496_pat_hprc_r2_v1.0.1	ok	edb4e7b99f5fd83b	edb4e7b99f5fd83b	2.4 s
CF	q16k	r2_HG01530_hap1_hprc_r2_v1.0.1	ok	1a94d8b23c67299d	1a94d8b23c67299d	2.3 s
CF	q16k	r2_HG01530_hap2_hprc_r2_v1.0.1	ok	641480b10502339b	641480b10502339b	2.3 s
CF	q16k	r2_HG01784_hap1_hprc_r2_v1.0.1	ok	f94a6bd76aa5302f	f94a6bd76aa5302f	2.4 s
CF	q16k	r2_HG01784_hap2_hprc_r2_v1.0.1	ok	0c839bf975d85b6f	0c839bf975d85b6f	2.4 s
CF	q16k	r2_HG01786_hap1_hprc_r2_v1.0.1	ok	bfc205e05fbf22ec	bfc205e05fbf22ec	2.4 s
CF	q16k	r2_HG01786_hap2_hprc_r2_v1.0.1	ok	d5101e0be564d963	d5101e0be564d963	2.4 s
CF	q16k	r2_HG01884_mat_hprc_r2_v1.0.1	ok	4935705cd2f89259	4935705cd2f89259	2.6 s
CF	q16k	r2_HG01884_pat_hprc_r2_v1.0.1	ok	60ce8929965fc651	60ce8929965fc651	2.5 s
CF	q16k	r2_HG01891_mat_hprc_r2_v1.0.1	ok	3405545b0c65e269	3405545b0c65e269	2.6 s
CF	q16k	r2_HG01891_pat_hprc_r2_v1.0.1	ok	e2832adae69b55d9	e2832adae69b55d9	2.6 s
CF	q16k	r2_HG01928_mat_hprc_r2_v1.0.1	ok	b86c123a7c18f89a	b86c123a7c18f89a	2.5 s
CF	q16k	r2_HG01928_pat_hprc_r2_v1.0.1	ok	d9fe588a45605371	d9fe588a45605371	2.3 s
CF	q16k	r2_HG01934_mat_hprc_r2_v1.0.1	ok	b6b64b418b4b04fd	b6b64b418b4b04fd	2.4 s
CF	q16k	r2_HG01934_pat_hprc_r2_v1.0.1	ok	db06e2b4bb190625	db06e2b4bb190625	2.3 s
CF	q16k	r2_HG01940_mat_hprc_r2_v1.0.1	ok	bb30de7a621867a6	bb30de7a621867a6	2.4 s
CF	q16k	r2_HG01940_pat_hprc_r2_v1.0.1	ok	2b95f6689c80eba1	2b95f6689c80eba1	2.4 s
CF	q16k	r2_HG01943_mat_hprc_r2_v1.0.1	ok	1da6fd529c51425c	1da6fd529c51425c	2.5 s
CF	q16k	r2_HG01943_pat_hprc_r2_v1.0.1	ok	bda8ab9dd002ee75	bda8ab9dd002ee75	2.3 s
CF	q16k	r2_HG01952_mat_hprc_r2_v1.0.1	ok	b861876ecf967417	b861876ecf967417	2.4 s
CF	q16k	r2_HG01952_pat_hprc_r2_v1.0.1	ok	5af90c9d34bcebf8	5af90c9d34bcebf8	2.2 s
CF	q16k	r2_HG01960_mat_hprc_r2_v1.0.1	ok	b67140e0f4c2a2a1	b67140e0f4c2a2a1	2.5 s
CF	q16k	r2_HG01960_pat_hprc_r2_v1.0.1	ok	a5025f601b8c9111	a5025f601b8c9111	2.5 s
CF	q16k	r2_HG01969_mat_hprc_r2_v1.0.1	ok	692cb4214deefe0c	692cb4214deefe0c	2.4 s
CF	q16k	r2_HG01969_pat_hprc_r2_v1.0.1	ok	a80373d89200da8a	a80373d89200da8a	2.4 s
CF	q16k	r2_HG01975_mat_hprc_r2_v1.0.1	ok	87df12d848f452d6	87df12d848f452d6	2.4 s
CF	q16k	r2_HG01975_pat_hprc_r2_v1.0.1	ok	584f1d84d4567dac	584f1d84d4567dac	2.4 s
CF	q16k	r2_HG01978_mat_hprc_r2_v1.1.0	ok	4cbcf438d8e2f78f	4cbcf438d8e2f78f	2.4 s
CF	q16k	r2_HG01978_pat_hprc_r2_v1.1.0	ok	b3cd959ec77f735b	b3cd959ec77f735b	2.5 s
CF	q16k	r2_HG01981_mat_hprc_r2_v1.0.1	ok	8c62855d08f8e420	8c62855d08f8e420	2.5 s
CF	q16k	r2_HG01981_pat_hprc_r2_v1.0.1	ok	8529578a00b7e0a8	8529578a00b7e0a8	2.4 s
CF	q16k	r2_HG01993_mat_hprc_r2_v1.0.1	ok	f6209cd3e40a9535	f6209cd3e40a9535	2.4 s
CF	q16k	r2_HG01993_pat_hprc_r2_v1.0.1	ok	be5fa3f451f41aab	be5fa3f451f41aab	2.3 s
CF	q16k	r2_HG02004_mat_hprc_r2_v1.0.1	ok	fcac32411d4f2fff	fcac32411d4f2fff	2.4 s
CF	q16k	r2_HG02004_pat_hprc_r2_v1.0.1	ok	125b19b86e0a8329	125b19b86e0a8329	2.4 s
CF	q16k	r2_HG02015_mat_hprc_r2_v1.0.1	ok	26fdbb6e6853c885	26fdbb6e6853c885	2.4 s
CF	q16k	r2_HG02015_pat_hprc_r2_v1.0.1	ok	2e0b1587fe434aaa	2e0b1587fe434aaa	2.3 s
CF	q16k	r2_HG02027_mat_hprc_r2_v1.0.1	ok	8390475382d5d76e	8390475382d5d76e	2.4 s
CF	q16k	r2_HG02027_pat_hprc_r2_v1.0.1	ok	091a13ab8c11bb21	091a13ab8c11bb21	2.4 s
CF	q16k	r2_HG02040_hap1_hprc_r2_v1.0.1	ok	d9607d0bf2b3451c	d9607d0bf2b3451c	2.3 s
CF	q16k	r2_HG02040_hap2_hprc_r2_v1.0.1	ok	1cb1f93ba53b8c3a	1cb1f93ba53b8c3a	2.5 s
CF	q16k	r2_HG02055_mat_hprc_r2_v1.0.1	ok	38d932870bd708b7	38d932870bd708b7	2.5 s
CF	q16k	r2_HG02055_pat_hprc_r2_v1.0.1	ok	15a92fac74f2fa52	15a92fac74f2fa52	2.5 s
CF	q16k	r2_HG02056_mat_hprc_r2_v1.0.1	ok	569966bbe861567f	569966bbe861567f	2.4 s
CF	q16k	r2_HG02056_pat_hprc_r2_v1.0.1	ok	84ca56c53a6ff7dc	84ca56c53a6ff7dc	2.3 s
CF	q16k	r2_HG02071_mat_hprc_r2_v1.0.1	ok	935de6645ebd4042	935de6645ebd4042	2.4 s
CF	q16k	r2_HG02071_pat_hprc_r2_v1.0.1	ok	188f4f03ff2787cf	188f4f03ff2787cf	2.3 s
CF	q16k	r2_HG02074_mat_hprc_r2_v1.0.1	ok	b33ad79dcf063727	b33ad79dcf063727	2.4 s
CF	q16k	r2_HG02074_pat_hprc_r2_v1.0.1	ok	b5bcf76827747e87	b5bcf76827747e87	2.3 s
CF	q16k	r2_HG02080_mat_hprc_r2_v1.0.1	ok	5e2db8f616305b40	5e2db8f616305b40	2.4 s
CF	q16k	r2_HG02080_pat_hprc_r2_v1.0.1	ok	ea9067ce92377eca	ea9067ce92377eca	2.4 s
CF	q16k	r2_HG02083_mat_hprc_r2_v1.0.1	ok	e7e8db28e573b0ca	e7e8db28e573b0ca	2.4 s
CF	q16k	r2_HG02083_pat_hprc_r2_v1.0.1	ok	5f16130b23dfe2bf	5f16130b23dfe2bf	2.3 s
CF	q16k	r2_HG02109_mat_hprc_r2_v1.0.1	ok	488011d8abdf5db1	488011d8abdf5db1	2.5 s
CF	q16k	r2_HG02109_pat_hprc_r2_v1.0.1	ok	2ac5ebc1abee3e67	2ac5ebc1abee3e67	2.6 s
CF	q16k	r2_HG02129_mat_hprc_r2_v1.0.1	ok	20ac22323ca459e0	20ac22323ca459e0	2.4 s
CF	q16k	r2_HG02129_pat_hprc_r2_v1.0.1	ok	eeffb68fff783967	eeffb68fff783967	2.3 s
CF	q16k	r2_HG02132_mat_hprc_r2_v1.0.1	ok	2045b20af9fee73a	2045b20af9fee73a	2.4 s
CF	q16k	r2_HG02132_pat_hprc_r2_v1.0.1	ok	dabded18f7fb2d1f	dabded18f7fb2d1f	2.3 s
CF	q16k	r2_HG02135_mat_hprc_r2_v1.0.1	ok	91e15ec6f7e84946	91e15ec6f7e84946	2.4 s
CF	q16k	r2_HG02135_pat_hprc_r2_v1.0.1	ok	ba1d6f86fd81b17f	ba1d6f86fd81b17f	2.3 s
CF	q16k	r2_HG02145_mat_hprc_r2_v1.0.1	ok	595bfe612c6d5c79	595bfe612c6d5c79	2.6 s
CF	q16k	r2_HG02145_pat_hprc_r2_v1.0.1	ok	6882e8672d79f52e	6882e8672d79f52e	2.4 s
CF	q16k	r2_HG02148_mat_hprc_r2_v1.0.1	ok	79aeca54e82bd5c5	79aeca54e82bd5c5	2.4 s
CF	q16k	r2_HG02148_pat_hprc_r2_v1.0.1	ok	d377668bad966425	d377668bad966425	2.4 s
CF	q16k	r2_HG02155_hap1_hprc_r2_v1.0.1	ok	5e7c053a194bee19	5e7c053a194bee19	2.4 s
CF	q16k	r2_HG02155_hap2_hprc_r2_v1.0.1	ok	0e7b8e1becac8cbc	0e7b8e1becac8cbc	2.3 s
CF	q16k	r2_HG02165_hap1_hprc_r2_v1.0.1	ok	f26d9f8a95830b2a	f26d9f8a95830b2a	2.4 s
CF	q16k	r2_HG02165_hap2_hprc_r2_v1.0.1	ok	b72ace2f91879d44	b72ace2f91879d44	2.4 s
CF	q16k	r2_HG02178_hap1_hprc_r2_v1.0.1	ok	c77d5fa30d4e3468	c77d5fa30d4e3468	2.3 s
CF	q16k	r2_HG02178_hap2_hprc_r2_v1.0.1	ok	ca9d024cea4d83a6	ca9d024cea4d83a6	2.5 s
CF	q16k	r2_HG02257_mat_hprc_r2_v1.1.0	ok	e08c67da359a56be	e08c67da359a56be	2.5 s
CF	q16k	r2_HG02257_pat_hprc_r2_v1.1.0	ok	715a4a168c995dfe	715a4a168c995dfe	2.6 s
CF	q16k	r2_HG02258_mat_hprc_r2_v1.0.1	ok	332fe54689a07a40	332fe54689a07a40	2.5 s
CF	q16k	r2_HG02258_pat_hprc_r2_v1.0.1	ok	8de37aa033816839	8de37aa033816839	2.4 s
CF	q16k	r2_HG02273_hap1_hprc_r2_v1.0.1	ok	32e09753f7951eb3	32e09753f7951eb3	2.4 s
CF	q16k	r2_HG02273_hap2_hprc_r2_v1.0.1	ok	91cdd29350f8dad8	91cdd29350f8dad8	2.4 s
CF	q16k	r2_HG02280_mat_hprc_r2_v1.0.1	ok	b21acb83de87f51e	b21acb83de87f51e	2.4 s
CF	q16k	r2_HG02280_pat_hprc_r2_v1.0.1	ok	c236804b40198fd8	c236804b40198fd8	2.6 s
CF	q16k	r2_HG02293_mat_hprc_r2_v1.0.1	ok	a527eedc64f59297	a527eedc64f59297	2.5 s
CF	q16k	r2_HG02293_pat_hprc_r2_v1.0.1	ok	02d31975c6a9798e	02d31975c6a9798e	2.4 s
CF	q16k	r2_HG02300_mat_hprc_r2_v1.0.1	ok	08716c707cf55c5e	08716c707cf55c5e	2.4 s
CF	q16k	r2_HG02300_pat_hprc_r2_v1.0.1	ok	e5d516a282561ee9	e5d516a282561ee9	2.4 s
CF	q16k	r2_HG02391_hap1_hprc_r2_v1.0.1	ok	e8efce1f4b2526ee	e8efce1f4b2526ee	2.4 s
CF	q16k	r2_HG02391_hap2_hprc_r2_v1.0.1	ok	8808a4cad075bb4b	8808a4cad075bb4b	2.5 s
CF	q16k	r2_HG02392_hap1_hprc_r2_v1.0.1	ok	bb2f04a1bef99c27	bb2f04a1bef99c27	2.4 s
CF	q16k	r2_HG02392_hap2_hprc_r2_v1.0.1	ok	f54731e918881e01	f54731e918881e01	2.5 s
CF	q16k	r2_HG02451_mat_hprc_r2_v1.0.1	ok	1a3bc51611975b7c	1a3bc51611975b7c	2.6 s
CF	q16k	r2_HG02451_pat_hprc_r2_v1.0.1	ok	c0e37553e4eec4a3	c0e37553e4eec4a3	2.5 s
CF	q16k	r2_HG02486_mat_hprc_r2_v1.0.1	ok	fe6a4393fdb6eab7	fe6a4393fdb6eab7	2.5 s
CF	q16k	r2_HG02486_pat_hprc_r2_v1.0.1	ok	16ffbddbd27d2efa	16ffbddbd27d2efa	2.5 s
CF	q16k	r2_HG02514_mat_hprc_r2_v1.0.1	ok	34722f2236a077fb	34722f2236a077fb	2.5 s
CF	q16k	r2_HG02514_pat_hprc_r2_v1.0.1	ok	c096f69bbfcdcc29	c096f69bbfcdcc29	2.3 s
CF	q16k	r2_HG02523_mat_hprc_r2_v1.0.1	ok	e92f829a413e61a9	e92f829a413e61a9	2.4 s
CF	q16k	r2_HG02523_pat_hprc_r2_v1.0.1	ok	a35319fd046ce551	a35319fd046ce551	2.4 s
CF	q16k	r2_HG02559_mat_hprc_r2_v1.0.1	ok	5260ec7d559f453b	5260ec7d559f453b	2.4 s
CF	q16k	r2_HG02559_pat_hprc_r2_v1.0.1	ok	630aaa6ab90298cb	630aaa6ab90298cb	2.6 s
CF	q16k	r2_HG02572_mat_hprc_r2_v1.0.1	ok	070071f7f1ff9a1d	070071f7f1ff9a1d	2.6 s
CF	q16k	r2_HG02572_pat_hprc_r2_v1.0.1	ok	2cc715243b2f03ad	2cc715243b2f03ad	2.4 s
CF	q16k	r2_HG02583_hap1_hprc_r2_v1.0.1	ok	da328b1c599e657c	da328b1c599e657c	2.6 s
CF	q16k	r2_HG02583_hap2_hprc_r2_v1.0.1	ok	996abc6b2e9caf77	996abc6b2e9caf77	2.6 s
CF	q16k	r2_HG02602_mat_hprc_r2_v1.0.1	ok	7945a5a5a1f83892	7945a5a5a1f83892	2.4 s
CF	q16k	r2_HG02602_pat_hprc_r2_v1.0.1	ok	848235db79661270	848235db79661270	2.3 s
CF	q16k	r2_HG02615_mat_hprc_r2_v1.0.1	ok	94aba103b97c9570	94aba103b97c9570	2.5 s
CF	q16k	r2_HG02615_pat_hprc_r2_v1.0.1	ok	a334041666dbc90d	a334041666dbc90d	2.5 s
CF	q16k	r2_HG02622_mat_hprc_r2_v1.0.1	ok	5982ee1795af9b09	5982ee1795af9b09	2.6 s
CF	q16k	r2_HG02622_pat_hprc_r2_v1.0.1	ok	b3ca3469c016fa5c	b3ca3469c016fa5c	2.6 s
CF	q16k	r2_HG02630_mat_hprc_r2_v1.0.1	ok	13af9df36e06249d	13af9df36e06249d	2.4 s
CF	q16k	r2_HG02630_pat_hprc_r2_v1.0.1	ok	8a83ce6ddbd77d5b	8a83ce6ddbd77d5b	2.6 s
CF	q16k	r2_HG02647_mat_hprc_r2_v1.0.1	ok	3ab1ff3241c2cec1	3ab1ff3241c2cec1	2.6 s
CF	q16k	r2_HG02647_pat_hprc_r2_v1.0.1	ok	359a586ca6043319	359a586ca6043319	2.4 s
CF	q16k	r2_HG02668_mat_hprc_r2_v1.0.1	ok	0aa718ccb62b50f1	0aa718ccb62b50f1	2.5 s
CF	q16k	r2_HG02668_pat_hprc_r2_v1.0.1	ok	0bf1b2c1bfcc318f	0bf1b2c1bfcc318f	2.4 s
CF	q16k	r2_HG02698_mat_hprc_r2_v1.0.1	ok	0a1071aee21c085e	0a1071aee21c085e	2.4 s
CF	q16k	r2_HG02698_pat_hprc_r2_v1.0.1	ok	5016e7073fbaa0e5	5016e7073fbaa0e5	2.3 s
CF	q16k	r2_HG02717_mat_hprc_r2_v1.0.1	ok	c84bf9303e339472	c84bf9303e339472	2.6 s
CF	q16k	r2_HG02717_pat_hprc_r2_v1.0.1	ok	17c281f3abef5524	17c281f3abef5524	2.5 s
CF	q16k	r2_HG02723_mat_hprc_r2_v1.0.1	ok	e5fbc5122d97a9a6	e5fbc5122d97a9a6	2.4 s
CF	q16k	r2_HG02723_pat_hprc_r2_v1.0.1	ok	b6584dc314264a82	b6584dc314264a82	2.6 s
CF	q16k	r2_HG02735_mat_hprc_r2_v1.0.1	ok	9bdb15cc58f9ebfd	9bdb15cc58f9ebfd	2.4 s
CF	q16k	r2_HG02735_pat_hprc_r2_v1.0.1	ok	cf6b902923a3c3b7	cf6b902923a3c3b7	2.3 s
CF	q16k	r2_HG02738_mat_hprc_r2_v1.0.1	ok	944933f95aae3aac	944933f95aae3aac	2.4 s
CF	q16k	r2_HG02738_pat_hprc_r2_v1.0.1	ok	7385a8854af6d703	7385a8854af6d703	2.3 s
CF	q16k	r2_HG02809_mat_hprc_r2_v1.0.1	ok	ee1bb2061f8265a1	ee1bb2061f8265a1	2.6 s
CF	q16k	r2_HG02809_pat_hprc_r2_v1.0.1	ok	55e2d466095ced94	55e2d466095ced94	2.6 s
CF	q16k	r2_HG02818_mat_hprc_r2_v1.0.1	ok	885283357b323257	885283357b323257	2.6 s
CF	q16k	r2_HG02818_pat_hprc_r2_v1.0.1	ok	77a68ac5bb6242bc	77a68ac5bb6242bc	2.6 s
CF	q16k	r2_HG02841_mat_hprc_r2_v1.0.1	ok	a9f6e35e9778c7cb	a9f6e35e9778c7cb	2.6 s
CF	q16k	r2_HG02841_pat_hprc_r2_v1.0.1	ok	5f56504c230c0f73	5f56504c230c0f73	2.5 s
CF	q16k	r2_HG02886_mat_hprc_r2_v1.0.1	ok	11ce58001ff84a5e	11ce58001ff84a5e	2.6 s
CF	q16k	r2_HG02886_pat_hprc_r2_v1.0.1	ok	208706a290ff6622	208706a290ff6622	2.6 s
CF	q16k	r2_HG02922_hap1_hprc_r2_v1.0.1	ok	dc6e46d1deaf020d	dc6e46d1deaf020d	2.6 s
CF	q16k	r2_HG02922_hap2_hprc_r2_v1.0.1	ok	aa92dbe86df7c6ea	aa92dbe86df7c6ea	2.4 s
CF	q16k	r2_HG02965_hap1_hprc_r2_v1.0.1	ok	63e4145d5f2d620e	63e4145d5f2d620e	2.4 s
CF	q16k	r2_HG02965_hap2_hprc_r2_v1.0.1	ok	65298bcbbb84f036	65298bcbbb84f036	2.6 s
CF	q16k	r2_HG02976_hap1_hprc_r2_v1.0.1	ok	c3201c96ebd2b446	c3201c96ebd2b446	2.6 s
CF	q16k	r2_HG02976_hap2_hprc_r2_v1.0.1	ok	2dc2279e333b06e5	2dc2279e333b06e5	2.6 s
CF	q16k	r2_HG02984_mat_hprc_r2_v1.0.1	ok	3827babff0b46e4a	3827babff0b46e4a	2.6 s
CF	q16k	r2_HG02984_pat_hprc_r2_v1.0.1	ok	1014c5e3225cae8c	1014c5e3225cae8c	2.4 s
CF	q16k	r2_HG03017_mat_hprc_r2_v1.0.1	ok	a458f675b8b65a4f	a458f675b8b65a4f	2.4 s
CF	q16k	r2_HG03017_pat_hprc_r2_v1.0.1	ok	72c7127d7e51180a	72c7127d7e51180a	2.2 s
CF	q16k	r2_HG03041_mat_hprc_r2_v1.0.1	ok	fe88d8ac17730bf3	fe88d8ac17730bf3	2.6 s
CF	q16k	r2_HG03041_pat_hprc_r2_v1.0.1	ok	20a05aa3bf696968	20a05aa3bf696968	2.6 s
CF	q16k	r2_HG03050_mat_hprc_r2_v1.0.1	ok	c9422686dc6074cf	c9422686dc6074cf	2.6 s
CF	q16k	r2_HG03050_pat_hprc_r2_v1.0.1	ok	1a4f1ac6944dbf18	1a4f1ac6944dbf18	2.4 s
CF	q16k	r2_HG03098_mat_hprc_r2_v1.0.1	ok	75a339a9ad630f8a	75a339a9ad630f8a	2.7 s
CF	q16k	r2_HG03098_pat_hprc_r2_v1.0.1	ok	ede7786472f4a089	ede7786472f4a089	2.5 s
CF	q16k	r2_HG03130_hap1_hprc_r2_v1.0.1	ok	c1b3b150a5c691c8	c1b3b150a5c691c8	2.5 s
CF	q16k	r2_HG03130_hap2_hprc_r2_v1.0.1	ok	86610dafef5cc939	86610dafef5cc939	2.6 s
CF	q16k	r2_HG03139_hap1_hprc_r2_v1.0.1	ok	fc82151696355866	fc82151696355866	2.4 s
CF	q16k	r2_HG03139_hap2_hprc_r2_v1.0.1	ok	e4f881839c4f7b48	e4f881839c4f7b48	2.6 s
CF	q16k	r2_HG03195_hap1_hprc_r2_v1.0.1	ok	56e45fe61523ac75	56e45fe61523ac75	2.6 s
CF	q16k	r2_HG03195_hap2_hprc_r2_v1.0.1	ok	2facc3da1f48d06d	2facc3da1f48d06d	2.6 s
CF	q16k	r2_HG03209_hap1_hprc_r2_v1.0.1	ok	25ff5bf70f451be9	25ff5bf70f451be9	2.5 s
CF	q16k	r2_HG03209_hap2_hprc_r2_v1.0.1	ok	a08a71730a8c1e85	a08a71730a8c1e85	2.6 s
CF	q16k	r2_HG03225_hap1_hprc_r2_v1.0.1	ok	98acb1fb8f592b23	98acb1fb8f592b23	2.3 s
CF	q16k	r2_HG03225_hap2_hprc_r2_v1.0.1	ok	1541c126c0a20b67	1541c126c0a20b67	2.6 s
CF	q16k	r2_HG03239_mat_hprc_r2_v1.0.1	ok	38bea91d4f140bb4	38bea91d4f140bb4	2.4 s
CF	q16k	r2_HG03239_pat_hprc_r2_v1.0.1	ok	6610b6c1b99d02d2	6610b6c1b99d02d2	2.4 s
CF	q16k	r2_HG03270_hap1_hprc_r2_v1.0.1	ok	e9999ab914628a7c	e9999ab914628a7c	2.6 s
CF	q16k	r2_HG03270_hap2_hprc_r2_v1.0.1	ok	9a9a167aa2ba7dba	9a9a167aa2ba7dba	2.4 s
CF	q16k	r2_HG03369_hap1_hprc_r2_v1.0.1	ok	602a08c2fdc07f86	602a08c2fdc07f86	2.6 s
CF	q16k	r2_HG03369_hap2_hprc_r2_v1.0.1	ok	1d2d48906008242d	1d2d48906008242d	2.6 s
CF	q16k	r2_HG03453_mat_hprc_r2_v1.0.1	ok	24221ef25ceeefaa	24221ef25ceeefaa	2.6 s
CF	q16k	r2_HG03453_pat_hprc_r2_v1.0.1	ok	c8cf174af590f118	c8cf174af590f118	2.6 s
CF	q16k	r2_HG03470_hap1_hprc_r2_v1.0.1	ok	5ad32884a0219347	5ad32884a0219347	2.6 s
CF	q16k	r2_HG03470_hap2_hprc_r2_v1.0.1	ok	a48f236b5c22b36b	a48f236b5c22b36b	2.6 s
CF	q16k	r2_HG03471_hap1_hprc_r2_v1.0.1	ok	b192882776af2f97	b192882776af2f97	2.5 s
CF	q16k	r2_HG03471_hap2_hprc_r2_v1.0.1	ok	4f5ce05b926d2e6c	4f5ce05b926d2e6c	2.5 s
CF	q16k	r2_HG03486_mat_hprc_r2_v1.0.1	ok	fda3e07a90d70b3b	fda3e07a90d70b3b	2.6 s
CF	q16k	r2_HG03486_pat_hprc_r2_v1.0.1	ok	4b06df9b9f599579	4b06df9b9f599579	2.4 s
CF	q16k	r2_HG03516_mat_hprc_r2_v1.1.0	ok	5289607dc06de40b	5289607dc06de40b	2.5 s
CF	q16k	r2_HG03516_pat_hprc_r2_v1.1.0	ok	5b09c2fca5ec631d	5b09c2fca5ec631d	2.6 s
CF	q16k	r2_HG03521_hap1_hprc_r2_v1.0.1	ok	6b583974f739cada	6b583974f739cada	2.4 s
CF	q16k	r2_HG03521_hap2_hprc_r2_v1.0.1	ok	2576a11960214883	2576a11960214883	2.6 s
CF	q16k	r2_HG03540_mat_hprc_r2_v1.0.1	ok	8dd4acc0e4014608	8dd4acc0e4014608	2.6 s
CF	q16k	r2_HG03540_pat_hprc_r2_v1.0.1	ok	fefc8bc5300d0f1b	fefc8bc5300d0f1b	2.5 s
CF	q16k	r2_HG03579_mat_hprc_r2_v1.0.1	ok	57a8ba8c4d78fb95	57a8ba8c4d78fb95	2.6 s
CF	q16k	r2_HG03579_pat_hprc_r2_v1.0.1	ok	69995f450b2d5a1b	69995f450b2d5a1b	2.5 s
CF	q16k	r2_HG03583_hap1_hprc_r2_v1.0.1	ok	feb944b4c84ea79e	feb944b4c84ea79e	2.6 s
CF	q16k	r2_HG03583_hap2_hprc_r2_v1.0.1	ok	98086afcad8a531a	98086afcad8a531a	2.6 s
CF	q16k	r2_HG03654_mat_hprc_r2_v1.0.1	ok	32a8aa131beb3326	32a8aa131beb3326	2.3 s
CF	q16k	r2_HG03654_pat_hprc_r2_v1.0.1	ok	3917ea1c1c690c2c	3917ea1c1c690c2c	2.3 s
CF	q16k	r2_HG03669_mat_hprc_r2_v1.0.1	ok	f4111706b8ada66a	f4111706b8ada66a	2.4 s
CF	q16k	r2_HG03669_pat_hprc_r2_v1.0.1	ok	33c1ea9ae31b051a	33c1ea9ae31b051a	2.4 s
CF	q16k	r2_HG03688_mat_hprc_r2_v1.0.1	ok	38a372338ea34fc3	38a372338ea34fc3	2.4 s
CF	q16k	r2_HG03688_pat_hprc_r2_v1.0.1	ok	3a1708243ba26fe1	3a1708243ba26fe1	2.2 s
CF	q16k	r2_HG03704_mat_hprc_r2_v1.0.1	ok	5c4213a4387c6c9d	5c4213a4387c6c9d	2.4 s
CF	q16k	r2_HG03704_pat_hprc_r2_v1.0.1	ok	298f9f5dfbd3805e	298f9f5dfbd3805e	2.4 s
CF	q16k	r2_HG03710_mat_hprc_r2_v1.0.1	ok	dee5a1a2ebd55cc8	dee5a1a2ebd55cc8	2.4 s
CF	q16k	r2_HG03710_pat_hprc_r2_v1.0.1	ok	2952d94331bf24d3	2952d94331bf24d3	2.3 s
CF	q16k	r2_HG03742_hap1_hprc_r2_v1.0.1	ok	8d94e9180b942472	8d94e9180b942472	2.3 s
CF	q16k	r2_HG03742_hap2_hprc_r2_v1.0.1	ok	5af1708a66f10408	5af1708a66f10408	2.5 s
CF	q16k	r2_HG03784_hap1_hprc_r2_v1.0.1	ok	7641df2996afda21	7641df2996afda21	2.5 s
CF	q16k	r2_HG03784_hap2_hprc_r2_v1.0.1	ok	3221de62a16670d5	3221de62a16670d5	2.4 s
CF	q16k	r2_HG03804_mat_hprc_r2_v1.0.1	ok	94681ff2d371874f	94681ff2d371874f	2.4 s
CF	q16k	r2_HG03804_pat_hprc_r2_v1.0.1	ok	5a099516ccdc0989	5a099516ccdc0989	2.4 s
CF	q16k	r2_HG03816_mat_hprc_r2_v1.0.1	ok	964affa815574ce1	964affa815574ce1	2.4 s
CF	q16k	r2_HG03816_pat_hprc_r2_v1.0.1	ok	232ef5bf951c7105	232ef5bf951c7105	2.5 s
CF	q16k	r2_HG03831_mat_hprc_r2_v1.0.1	ok	fa0cda684803d5b1	fa0cda684803d5b1	2.3 s
CF	q16k	r2_HG03831_pat_hprc_r2_v1.0.1	ok	1523ecf484ef84d8	1523ecf484ef84d8	2.4 s
CF	q16k	r2_HG03834_mat_hprc_r2_v1.0.1	ok	11e3a7f3d2447e1a	11e3a7f3d2447e1a	2.4 s
CF	q16k	r2_HG03834_pat_hprc_r2_v1.0.1	ok	61038e99eaf8ba28	61038e99eaf8ba28	2.4 s
CF	q16k	r2_HG03874_hap1_hprc_r2_v1.0.1	ok	85d873a7cfff1359	85d873a7cfff1359	2.4 s
CF	q16k	r2_HG03874_hap2_hprc_r2_v1.0.1	ok	a859c9522d9348d6	a859c9522d9348d6	2.4 s
CF	q16k	r2_HG03927_mat_hprc_r2_v1.0.1	ok	5736d720c262ae62	5736d720c262ae62	2.4 s
CF	q16k	r2_HG03927_pat_hprc_r2_v1.0.1	ok	5dd60328e73663c7	5dd60328e73663c7	2.5 s
CF	q16k	r2_HG03942_mat_hprc_r2_v1.0.1	ok	4cc9532215885cde	4cc9532215885cde	2.4 s
CF	q16k	r2_HG03942_pat_hprc_r2_v1.0.1	ok	25b910e2ddf2b217	25b910e2ddf2b217	2.3 s
CF	q16k	r2_HG04115_mat_hprc_r2_v1.0.1	ok	bd09955fcbe4b4bf	bd09955fcbe4b4bf	2.3 s
CF	q16k	r2_HG04115_pat_hprc_r2_v1.0.1	ok	d80bb7ca3492bde9	d80bb7ca3492bde9	2.3 s
CF	q16k	r2_HG04157_mat_hprc_r2_v1.0.1	ok	f026e8d7dfa28091	f026e8d7dfa28091	2.4 s
CF	q16k	r2_HG04157_pat_hprc_r2_v1.0.1	ok	1133a9210ea43e5c	1133a9210ea43e5c	2.4 s
CF	q16k	r2_HG04160_mat_hprc_r2_v1.0.1	ok	1354f4b1227eb8df	1354f4b1227eb8df	2.4 s
CF	q16k	r2_HG04160_pat_hprc_r2_v1.0.1	ok	e3cebd14d04dbd59	e3cebd14d04dbd59	2.3 s
CF	q16k	r2_HG04184_mat_hprc_r2_v1.0.1	ok	774ee2656135d77d	774ee2656135d77d	2.4 s
CF	q16k	r2_HG04184_pat_hprc_r2_v1.0.1	ok	cba5e297b49d7ec2	cba5e297b49d7ec2	2.4 s
CF	q16k	r2_HG04187_mat_hprc_r2_v1.0.1	ok	9d2d634bcd9d20b1	9d2d634bcd9d20b1	2.4 s
CF	q16k	r2_HG04187_pat_hprc_r2_v1.0.1	ok	efb23cc963235612	efb23cc963235612	2.2 s
CF	q16k	r2_HG04199_mat_hprc_r2_v1.0.1	ok	8484376d8be51c23	8484376d8be51c23	2.4 s
CF	q16k	r2_HG04199_pat_hprc_r2_v1.0.1	ok	8b52bd531642dc0a	8b52bd531642dc0a	2.3 s
CF	q16k	r2_HG04204_mat_hprc_r2_v1.0.1	ok	7d69117e8d011b04	7d69117e8d011b04	2.5 s
CF	q16k	r2_HG04204_pat_hprc_r2_v1.0.1	ok	9c4ea6ffbd08c5fa	9c4ea6ffbd08c5fa	2.4 s
CF	q16k	r2_HG04228_mat_hprc_r2_v1.0.1	ok	1e06c4f6e4f19704	1e06c4f6e4f19704	2.5 s
CF	q16k	r2_HG04228_pat_hprc_r2_v1.0.1	ok	9eb81b3406efe5cb	9eb81b3406efe5cb	2.2 s
CF	q16k	r2_HG06807_mat_v1	ok	49c76a0d41f655f7	49c76a0d41f655f7	2.5 s
CF	q16k	r2_HG06807_pat_v1	ok	e0cae48f7e397f49	e0cae48f7e397f49	2.5 s
CF	q16k	r2_NA18505_hap1_hprc_r2_v1.0.1	ok	3370e32c8d95fe1f	3370e32c8d95fe1f	2.5 s
CF	q16k	r2_NA18505_hap2_hprc_r2_v1.0.1	ok	32ec255d47becc7e	32ec255d47becc7e	2.6 s
CF	q16k	r2_NA18508_hap1_hprc_r2_v1.0.1	ok	c692f46d92d615e8	c692f46d92d615e8	2.6 s
CF	q16k	r2_NA18508_hap2_hprc_r2_v1.0.1	ok	d3c703933591acd2	d3c703933591acd2	2.6 s
CF	q16k	r2_NA18522_hap1_hprc_r2_v1.0.1	ok	ed0c3f39aee82951	ed0c3f39aee82951	2.5 s
CF	q16k	r2_NA18522_hap2_hprc_r2_v1.0.1	ok	a73f60d4e334358e	a73f60d4e334358e	2.4 s
CF	q16k	r2_NA18565_hap1_hprc_r2_v1.0.1	ok	ce661921cc86f2e0	ce661921cc86f2e0	2.4 s
CF	q16k	r2_NA18565_hap2_hprc_r2_v1.0.1	ok	a50abe9c9b52db9f	a50abe9c9b52db9f	2.4 s
CF	q16k	r2_NA18570_hap1_hprc_r2_v1.0.1	ok	2c8c65103243359a	2c8c65103243359a	2.4 s
CF	q16k	r2_NA18570_hap2_hprc_r2_v1.0.1	ok	54ebbd823c00ed18	54ebbd823c00ed18	2.5 s
CF	q16k	r2_NA18608_hap1_hprc_r2_v1.0.1	ok	be3573fcc923ce82	be3573fcc923ce82	2.3 s
CF	q16k	r2_NA18608_hap2_hprc_r2_v1.0.1	ok	605c73511caee40d	605c73511caee40d	2.3 s
CF	q16k	r2_NA18620_hap1_hprc_r2_v1.0.1	ok	1ecd98ef047819fa	1ecd98ef047819fa	2.3 s
CF	q16k	r2_NA18620_hap2_hprc_r2_v1.0.1	ok	aeb9ff327a8a363b	aeb9ff327a8a363b	2.4 s
CF	q16k	r2_NA18747_hap1_hprc_r2_v1.0.1	ok	08879ded0b4bd33c	08879ded0b4bd33c	2.3 s
CF	q16k	r2_NA18747_hap2_hprc_r2_v1.0.1	ok	033b916e9e0d736b	033b916e9e0d736b	2.4 s
CF	q16k	r2_NA18879_hap1_hprc_r2_v1.0.1	ok	afd350115153f71f	afd350115153f71f	2.4 s
CF	q16k	r2_NA18879_hap2_hprc_r2_v1.0.1	ok	b3154afb59ba422a	b3154afb59ba422a	2.6 s
CF	q16k	r2_NA18906_mat_hprc_r2_v1.0.1	ok	122d463323dd111d	122d463323dd111d	2.6 s
CF	q16k	r2_NA18906_pat_hprc_r2_v1.0.1	ok	01a7c8e9d7733712	01a7c8e9d7733712	2.5 s
CF	q16k	r2_NA18940_hap1_hprc_r2_v1.0.1	ok	7d4bb638c5e983b4	7d4bb638c5e983b4	2.3 s
CF	q16k	r2_NA18940_hap2_hprc_r2_v1.0.1	ok	da6034a22dd6a348	da6034a22dd6a348	2.4 s
CF	q16k	r2_NA18943_hap1_hprc_r2_v1.0.1	ok	c93d62a7fd144e2a	c93d62a7fd144e2a	2.3 s
CF	q16k	r2_NA18943_hap2_hprc_r2_v1.0.1	ok	acef8dcd9720d21f	acef8dcd9720d21f	2.3 s
CF	q16k	r2_NA18944_hap1_hprc_r2_v1.0.1	ok	63db5c20e87051c3	63db5c20e87051c3	2.3 s
CF	q16k	r2_NA18944_hap2_hprc_r2_v1.0.1	ok	48e4e179d39905f2	48e4e179d39905f2	2.4 s
CF	q16k	r2_NA18945_hap1_hprc_r2_v1.0.1	ok	d5549ef40528b887	d5549ef40528b887	2.3 s
CF	q16k	r2_NA18945_hap2_hprc_r2_v1.0.1	ok	ad6cd02f587b65b3	ad6cd02f587b65b3	2.4 s
CF	q16k	r2_NA18948_hap1_hprc_r2_v1.0.1	ok	a8f676550aa71ccf	a8f676550aa71ccf	2.2 s
CF	q16k	r2_NA18948_hap2_hprc_r2_v1.0.1	ok	a788491223802ea5	a788491223802ea5	2.5 s
CF	q16k	r2_NA18952_hap1_hprc_r2_v1.0.1	ok	38b6ce649e0bda0f	38b6ce649e0bda0f	2.4 s
CF	q16k	r2_NA18952_hap2_hprc_r2_v1.0.1	ok	859b194030a01997	859b194030a01997	2.5 s
CF	q16k	r2_NA18959_hap1_hprc_r2_v1.0.1	ok	39bca079152291c7	39bca079152291c7	2.3 s
CF	q16k	r2_NA18959_hap2_hprc_r2_v1.0.1	ok	21e5a95104fc8ad9	21e5a95104fc8ad9	2.5 s
CF	q16k	r2_NA18960_hap1_hprc_r2_v1.0.1	ok	091a7b80ead7d620	091a7b80ead7d620	2.3 s
CF	q16k	r2_NA18960_hap2_hprc_r2_v1.0.1	ok	23392e395535222b	23392e395535222b	2.5 s
CF	q16k	r2_NA18967_hap1_hprc_r2_v1.0.1	ok	1787cd3049914468	1787cd3049914468	2.3 s
CF	q16k	r2_NA18967_hap2_hprc_r2_v1.0.1	ok	be98e26a7f073a00	be98e26a7f073a00	2.4 s
CF	q16k	r2_NA18970_hap1_hprc_r2_v1.0.1	ok	87974afb80ed3490	87974afb80ed3490	2.3 s
CF	q16k	r2_NA18970_hap2_hprc_r2_v1.0.1	ok	95d31e54ff30e9d2	95d31e54ff30e9d2	2.5 s
CF	q16k	r2_NA18971_hap1_hprc_r2_v1.0.1	ok	909a07974e9e9417	909a07974e9e9417	2.3 s
CF	q16k	r2_NA18971_hap2_hprc_r2_v1.0.1	ok	4c1ecbafd844ec19	4c1ecbafd844ec19	2.4 s
CF	q16k	r2_NA18974_hap1_hprc_r2_v1.0.1	ok	005d76eabc73ec16	005d76eabc73ec16	2.4 s
CF	q16k	r2_NA18974_hap2_hprc_r2_v1.0.1	ok	f81bd75837b77798	f81bd75837b77798	2.4 s
CF	q16k	r2_NA18976_hap1_hprc_r2_v1.0.1	ok	c41c1c06c0f7e5ab	c41c1c06c0f7e5ab	2.4 s
CF	q16k	r2_NA18976_hap2_hprc_r2_v1.0.1	ok	60d8e1f4931989de	60d8e1f4931989de	2.5 s
CF	q16k	r2_NA18982_hap1_hprc_r2_v1.0.1	ok	c12ca3b7b3471207	c12ca3b7b3471207	2.4 s
CF	q16k	r2_NA18982_hap2_hprc_r2_v1.0.1	ok	b96e9d8f0e2b7db6	b96e9d8f0e2b7db6	2.4 s
CF	q16k	r2_NA18983_hap1_hprc_r2_v1.0.1	ok	30f19545748276f8	30f19545748276f8	2.2 s
CF	q16k	r2_NA18983_hap2_hprc_r2_v1.0.1	ok	06601e401c955ad9	06601e401c955ad9	2.4 s
CF	q16k	r2_NA19036_hap1_hprc_r2_v1.0.1	ok	0ab271b8e83a8425	0ab271b8e83a8425	2.6 s
CF	q16k	r2_NA19036_hap2_hprc_r2_v1.0.1	ok	32a120c9daf979e4	32a120c9daf979e4	2.5 s
CF	q16k	r2_NA19043_hap1_hprc_r2_v1.0.1	ok	e0c0295a60ef3abe	e0c0295a60ef3abe	2.4 s
CF	q16k	r2_NA19043_hap2_hprc_r2_v1.0.1	ok	829f76d68e0955d3	829f76d68e0955d3	2.6 s
CF	q16k	r2_NA19087_hap1_hprc_r2_v1.0.1	ok	c855d7600e88759d	c855d7600e88759d	2.4 s
CF	q16k	r2_NA19087_hap2_hprc_r2_v1.0.1	ok	044758df9077437c	044758df9077437c	2.4 s
CF	q16k	r2_NA19159_hap1_hprc_r2_v1.0.1	ok	91bd1fc9924274bb	91bd1fc9924274bb	2.6 s
CF	q16k	r2_NA19159_hap2_hprc_r2_v1.0.1	ok	c7819a97740b8e80	c7819a97740b8e80	2.6 s
CF	q16k	r2_NA19185_hap1_hprc_r2_v1.0.1	ok	bce3ce69f45c6578	bce3ce69f45c6578	2.6 s
CF	q16k	r2_NA19185_hap2_hprc_r2_v1.0.1	ok	77febb1ec63f27d2	77febb1ec63f27d2	2.6 s
CF	q16k	r2_NA19240_mat_hprc_r2_v1.0.1	ok	7f1ec20873552c46	7f1ec20873552c46	2.6 s
CF	q16k	r2_NA19240_pat_hprc_r2_v1.0.1	ok	52dc35f41778c8dd	52dc35f41778c8dd	2.6 s
CF	q16k	r2_NA19338_hap1_hprc_r2_v1.0.1	ok	86c4d525d7dab5a5	86c4d525d7dab5a5	2.6 s
CF	q16k	r2_NA19338_hap2_hprc_r2_v1.0.1	ok	17673184bd5f7575	17673184bd5f7575	2.4 s
CF	q16k	r2_NA19391_hap1_hprc_r2_v1.0.1	ok	abee88b10f614d63	abee88b10f614d63	2.6 s
CF	q16k	r2_NA19391_hap2_hprc_r2_v1.0.1	ok	30c1dde28062a0ac	30c1dde28062a0ac	2.5 s
CF	q16k	r2_NA19443_hap1_hprc_r2_v1.0.1	ok	60ec4c83c5457a4f	60ec4c83c5457a4f	2.5 s
CF	q16k	r2_NA19443_hap2_hprc_r2_v1.0.1	ok	6524409a50afdc9e	6524409a50afdc9e	2.5 s
CF	q16k	r2_NA19468_hap1_hprc_r2_v1.0.1	ok	d5b2da835f451b6a	d5b2da835f451b6a	2.5 s
CF	q16k	r2_NA19468_hap2_hprc_r2_v1.0.1	ok	2a8031a082abc43a	2a8031a082abc43a	2.6 s
CF	q16k	r2_NA19682_hap1_hprc_r2_v1.0.1	ok	290fd59a033153e7	290fd59a033153e7	2.3 s
CF	q16k	r2_NA19682_hap2_hprc_r2_v1.0.1	ok	f596071e752f0b0f	f596071e752f0b0f	2.4 s
CF	q16k	r2_NA19700_hap1_hprc_r2_v1.0.1	ok	2005f4d3db1e3714	2005f4d3db1e3714	2.4 s
CF	q16k	r2_NA19700_hap2_hprc_r2_v1.0.1	ok	acad66ec26758338	acad66ec26758338	2.5 s
CF	q16k	r2_NA19776_hap1_hprc_r2_v1.0.1	ok	182f9dde8f760b4a	182f9dde8f760b4a	2.4 s
CF	q16k	r2_NA19776_hap2_hprc_r2_v1.0.1	ok	60cce2e0c220cafa	60cce2e0c220cafa	2.4 s
CF	q16k	r2_NA19835_hap1_hprc_r2_v1.0.1	ok	5ff63afecc14036f	5ff63afecc14036f	2.5 s
CF	q16k	r2_NA19835_hap2_hprc_r2_v1.0.1	ok	bcdfe8958c39bda3	bcdfe8958c39bda3	2.5 s
CF	q16k	r2_NA19909_hap1_hprc_r2_v1.0.1	ok	0905b6a05dd00d5e	0905b6a05dd00d5e	2.6 s
CF	q16k	r2_NA19909_hap2_hprc_r2_v1.0.1	ok	e94f5dc17f2c4bc0	e94f5dc17f2c4bc0	2.6 s
CF	q16k	r2_NA20129_mat_hprc_r2_v1.0.1	ok	1ae1cd06b25d50ad	1ae1cd06b25d50ad	2.6 s
CF	q16k	r2_NA20129_pat_hprc_r2_v1.0.1	ok	2fcf35db17d764d3	2fcf35db17d764d3	2.6 s
CF	q16k	r2_NA20282_hap1_hprc_r2_v1.0.1	ok	2d2ceae33a579f98	2d2ceae33a579f98	2.6 s
CF	q16k	r2_NA20282_hap2_hprc_r2_v1.0.1	ok	b14d75c080fead12	b14d75c080fead12	2.5 s
CF	q16k	r2_NA20346_hap1_hprc_r2_v1.0.1	ok	1b757a72ca02297c	1b757a72ca02297c	2.4 s
CF	q16k	r2_NA20346_hap2_hprc_r2_v1.0.1	ok	a7366146475c5f55	a7366146475c5f55	2.5 s
CF	q16k	r2_NA20503_hap1_hprc_r2_v1.0.1	ok	3e7be677c3619981	3e7be677c3619981	2.4 s
CF	q16k	r2_NA20503_hap2_hprc_r2_v1.0.1	ok	79f78be1ee7eb41f	79f78be1ee7eb41f	2.4 s
CF	q16k	r2_NA20752_hap1_hprc_r2_v1.0.1	ok	26737fedfa6b0e87	26737fedfa6b0e87	2.3 s
CF	q16k	r2_NA20752_hap2_hprc_r2_v1.0.1	ok	5618e8deea9a1013	5618e8deea9a1013	2.4 s
CF	q16k	r2_NA20762_hap1_hprc_r2_v1.0.1	ok	84eca6fd22998abb	84eca6fd22998abb	2.3 s
CF	q16k	r2_NA20762_hap2_hprc_r2_v1.0.1	ok	b1a0591d2842023c	b1a0591d2842023c	2.4 s
CF	q16k	r2_NA20799_hap1_hprc_r2_v1.0.1	ok	69d68e32174390f6	69d68e32174390f6	2.4 s
CF	q16k	r2_NA20799_hap2_hprc_r2_v1.0.1	ok	d52648629c4a8e96	d52648629c4a8e96	2.4 s
CF	q16k	r2_NA20805_hap1_hprc_r2_v1.0.1	ok	f0fc791285ba670c	f0fc791285ba670c	2.3 s
CF	q16k	r2_NA20805_hap2_hprc_r2_v1.0.1	ok	419c8e2d4361ccd0	419c8e2d4361ccd0	2.4 s
CF	q16k	r2_NA20806_hap1_hprc_r2_v1.0.1	ok	af254ca58178ec8a	af254ca58178ec8a	2.3 s
CF	q16k	r2_NA20806_hap2_hprc_r2_v1.0.1	ok	6d7ca7bb4d32fef9	6d7ca7bb4d32fef9	2.4 s
CF	q16k	r2_NA20809_hap1_hprc_r2_v1.0.1	ok	63a053b6a1c08b8f	63a053b6a1c08b8f	2.4 s
CF	q16k	r2_NA20809_hap2_hprc_r2_v1.0.1	ok	9345d0f4f5070f09	9345d0f4f5070f09	2.4 s
CF	q16k	r2_NA20827_hap1_hprc_r2_v1.0.1	ok	03923c263b1ec398	03923c263b1ec398	2.3 s
CF	q16k	r2_NA20827_hap2_hprc_r2_v1.0.1	ok	98795cf754011d16	98795cf754011d16	2.4 s
CF	q16k	r2_NA20850_hap1_hprc_r2_v1.0.1	ok	3cbb1e1d35a54a42	3cbb1e1d35a54a42	2.3 s
CF	q16k	r2_NA20850_hap2_hprc_r2_v1.0.1	ok	e985f11c2c78feb8	e985f11c2c78feb8	2.4 s
CF	q16k	r2_NA20870_hap1_hprc_r2_v1.0.1	ok	61265353aa14d77b	61265353aa14d77b	2.3 s
CF	q16k	r2_NA20870_hap2_hprc_r2_v1.0.1	ok	34364952f1a4a176	34364952f1a4a176	2.4 s
CF	q16k	r2_NA20905_hap1_hprc_r2_v1.0.1	ok	faf27489ff69f0a9	faf27489ff69f0a9	2.2 s
CF	q16k	r2_NA20905_hap2_hprc_r2_v1.0.1	ok	7f7b9ea7505e02a0	7f7b9ea7505e02a0	2.4 s
CF	q16k	r2_NA21093_hap1_hprc_r2_v1.0.1	ok	15e6b5b959925856	15e6b5b959925856	2.4 s
CF	q16k	r2_NA21093_hap2_hprc_r2_v1.0.1	ok	0b7cf25c5133e59c	0b7cf25c5133e59c	2.4 s
CF	q16k	r2_NA21102_hap1_hprc_r2_v1.0.1	ok	145c69a217314ad3	145c69a217314ad3	2.4 s
CF	q16k	r2_NA21102_hap2_hprc_r2_v1.0.1	ok	ae6a7f05dfb60457	ae6a7f05dfb60457	2.5 s
CF	q16k	r2_NA21106_hap1_hprc_r2_v1.0.1	ok	93939dd9b8912f38	93939dd9b8912f38	2.4 s
CF	q16k	r2_NA21106_hap2_hprc_r2_v1.0.1	ok	614951588f031c85	614951588f031c85	2.3 s
CF	q16k	r2_NA21110_hap1_hprc_r2_v1.0.1	ok	ff2305ebca35b59f	ff2305ebca35b59f	2.4 s
CF	q16k	r2_NA21110_hap2_hprc_r2_v1.0.1	ok	7ad31c6112464813	7ad31c6112464813	2.4 s
CF	q16k	r2_NA21144_hap1_hprc_r2_v1.0.1	ok	34a64ac38d74cad3	34a64ac38d74cad3	2.5 s
CF	q16k	r2_NA21144_hap2_hprc_r2_v1.0.1	ok	35746c68179f5949	35746c68179f5949	2.4 s
CF	q16k	r2_NA21309_mat_hprc_r2_v1.0.1	ok	caec985d0ef519d3	caec985d0ef519d3	2.5 s
CF	q16k	r2_NA21309_pat_hprc_r2_v1.0.1	ok	8ec8c1db86c31d8a	8ec8c1db86c31d8a	2.5 s
CF	q16k	r2_hg002v1.1.mat_MT	ok	0f097dd3fce84c4f	0f097dd3fce84c4f	2.4 s
CF	q16k	r2_hg002v1.1.pat	ok	a6ac61819a167696	a6ac61819a167696	2.3 s
CF	q16k	y1_HG002.1	ok	77ff8005d4dbb4d2	77ff8005d4dbb4d2	2.9 s
CF	q16k	y1_HG002.2	ok	41738558472d5f12	41738558472d5f12	2.9 s
CF	q16k	y1_HG00438.1	ok	0fae37e31e54fb34	0fae37e31e54fb34	2.9 s
CF	q16k	y1_HG00438.2	ok	dd9c58efe72c3e7e	dd9c58efe72c3e7e	2.9 s
CF	q16k	y1_HG005.1	ok	217def02b5c45104	217def02b5c45104	2.8 s
CF	q16k	y1_HG005.2	ok	6bfccef3e432d0c6	6bfccef3e432d0c6	3.0 s
CF	q16k	y1_HG00621.1	ok	92d36c1ffac5c77b	92d36c1ffac5c77b	2.8 s
CF	q16k	y1_HG00621.2	ok	1ddaf8b98d9bee03	1ddaf8b98d9bee03	3.0 s
CF	q16k	y1_HG00673.1	ok	503057c75802fbde	503057c75802fbde	2.7 s
CF	q16k	y1_HG00673.2	ok	58d83e29d3fad021	58d83e29d3fad021	2.9 s
CF	q16k	y1_HG00733.1	ok	54079886175c4372	54079886175c4372	2.8 s
CF	q16k	y1_HG00733.2	ok	a62f97453d5a3e17	a62f97453d5a3e17	2.8 s
CF	q16k	y1_HG00735.1	ok	7c0e229355ff2cfb	7c0e229355ff2cfb	2.8 s
CF	q16k	y1_HG00735.2	ok	125726a7e89394cd	125726a7e89394cd	2.9 s
CF	q16k	y1_HG00741.1	ok	f609c03aa0d1cf78	f609c03aa0d1cf78	3.0 s
CF	q16k	y1_HG00741.2	ok	dcb7609c023a013e	dcb7609c023a013e	2.9 s
CF	q16k	y1_HG01071.1	ok	a6bf9eae37e662b3	a6bf9eae37e662b3	2.9 s
CF	q16k	y1_HG01071.2	ok	dea3a34f74e702c5	dea3a34f74e702c5	2.7 s
CF	q16k	y1_HG01106.1	ok	b29756ed23ec0212	b29756ed23ec0212	2.8 s
CF	q16k	y1_HG01106.2	ok	ba611c244d4bbff5	ba611c244d4bbff5	2.9 s
CF	q16k	y1_HG01109.1	ok	9fadc2957c4e54ea	9fadc2957c4e54ea	2.9 s
CF	q16k	y1_HG01109.2	ok	7540111600f698c6	7540111600f698c6	3.1 s
CF	q16k	y1_HG01123.1	ok	bb648477494c9c5b	bb648477494c9c5b	2.9 s
CF	q16k	y1_HG01123.2	ok	9375e065910e1cc0	9375e065910e1cc0	2.9 s
CF	q16k	y1_HG01175.1	ok	31529d95d4155b86	31529d95d4155b86	3.0 s
CF	q16k	y1_HG01175.2	ok	a95c6dd97e3a8bf6	a95c6dd97e3a8bf6	3.0 s
CF	q16k	y1_HG01243.1	ok	ad83db0137567422	ad83db0137567422	2.8 s
CF	q16k	y1_HG01243.2	ok	968f62f5a3a34289	968f62f5a3a34289	3.0 s
CF	q16k	y1_HG01258.1	ok	d5a6d3121f7fe477	d5a6d3121f7fe477	2.9 s
CF	q16k	y1_HG01258.2	ok	bd938808e20403b1	bd938808e20403b1	2.9 s
CF	q16k	y1_HG01358.1	ok	41ef5c4e069aa77f	41ef5c4e069aa77f	2.8 s
CF	q16k	y1_HG01358.2	ok	6048e6167721da7e	6048e6167721da7e	2.8 s
CF	q16k	y1_HG01361.1	ok	deca6705d81ed322	deca6705d81ed322	2.8 s
CF	q16k	y1_HG01361.2	ok	065dfab9752010d4	065dfab9752010d4	2.8 s
CF	q16k	y1_HG01891.1	ok	5abc96480266c733	5abc96480266c733	3.1 s
CF	q16k	y1_HG01891.2	ok	c3a1d0def4dfcd07	c3a1d0def4dfcd07	3.0 s
CF	q16k	y1_HG01928.1	ok	aa1d38406de8d012	aa1d38406de8d012	2.8 s
CF	q16k	y1_HG01928.2	ok	15f8d5ec08e98830	15f8d5ec08e98830	2.9 s
CF	q16k	y1_HG01952.1	ok	d81a7df3bd7611da	d81a7df3bd7611da	2.9 s
CF	q16k	y1_HG01952.2	ok	fa1fb7086ab53c83	fa1fb7086ab53c83	3.0 s
CF	q16k	y1_HG01978.1	ok	069b694e45af5ff6	069b694e45af5ff6	3.0 s
CF	q16k	y1_HG01978.2	ok	6ab10412b4f2be95	6ab10412b4f2be95	2.9 s
CF	q16k	y1_HG02055.1	ok	eb6ab1e6d4bb2fba	eb6ab1e6d4bb2fba	3.0 s
CF	q16k	y1_HG02055.2	ok	765be1e180619f63	765be1e180619f63	3.0 s
CF	q16k	y1_HG02080.1	ok	4634283aac997faa	4634283aac997faa	2.9 s
CF	q16k	y1_HG02080.2	ok	43752166e1fe1029	43752166e1fe1029	2.8 s
CF	q16k	y1_HG02109.1	ok	8d72d8f6bcd47ff2	8d72d8f6bcd47ff2	3.0 s
CF	q16k	y1_HG02109.2	ok	786019365179ff28	786019365179ff28	3.0 s
CF	q16k	y1_HG02145.1	ok	7c31cdc41313789f	7c31cdc41313789f	2.9 s
CF	q16k	y1_HG02145.2	ok	d13042a21901b0d6	d13042a21901b0d6	3.0 s
CF	q16k	y1_HG02148.1	ok	afac31544811d5ff	afac31544811d5ff	2.9 s
CF	q16k	y1_HG02148.2	ok	1f7196686766d633	1f7196686766d633	3.0 s
CF	q16k	y1_HG02257.1	ok	0af02bdee3049b56	0af02bdee3049b56	3.1 s
CF	q16k	y1_HG02257.2	ok	a5ff65b7ce4f117d	a5ff65b7ce4f117d	3.2 s
CF	q16k	y1_HG02486.1	ok	ae7db14e0fda7d7e	ae7db14e0fda7d7e	3.2 s
CF	q16k	y1_HG02486.2	ok	de55d102b3a58aaa	de55d102b3a58aaa	3.0 s
CF	q16k	y1_HG02559.1	ok	d3de8bf8657f0599	d3de8bf8657f0599	3.1 s
CF	q16k	y1_HG02559.2	ok	c80f9437765be6f0	c80f9437765be6f0	3.1 s
CF	q16k	y1_HG02572.1	ok	6e9475af697afc15	6e9475af697afc15	2.7 s
CF	q16k	y1_HG02572.2	ok	0a91468da3ed15c3	0a91468da3ed15c3	3.0 s
CF	q16k	y1_HG02622.1	ok	9e84fca0a0be7dfd	9e84fca0a0be7dfd	3.0 s
CF	q16k	y1_HG02622.2	ok	71f5a43bbd9dea06	71f5a43bbd9dea06	2.8 s
CF	q16k	y1_HG02630.1	ok	3dd29861bb5adf1a	3dd29861bb5adf1a	3.0 s
CF	q16k	y1_HG02630.2	ok	3b1cdee6779ee182	3b1cdee6779ee182	3.1 s
CF	q16k	y1_HG02717.1	ok	a09b56df65b21a4a	a09b56df65b21a4a	3.0 s
CF	q16k	y1_HG02717.2	ok	391cbab73930a43f	391cbab73930a43f	3.0 s
CF	q16k	y1_HG02723.1	ok	7218428a6a5b9fa1	7218428a6a5b9fa1	2.9 s
CF	q16k	y1_HG02723.2	ok	4a1f46107190c1ee	4a1f46107190c1ee	3.0 s
CF	q16k	y1_HG02818.1	ok	1bfa862c3bb18246	1bfa862c3bb18246	2.9 s
CF	q16k	y1_HG02818.2	ok	0a012f92402e0b56	0a012f92402e0b56	3.0 s
CF	q16k	y1_HG02886.1	ok	5f9f6e88a3da8e26	5f9f6e88a3da8e26	3.1 s
CF	q16k	y1_HG02886.2	ok	380dfb2881b5e27c	380dfb2881b5e27c	3.0 s
CF	q16k	y1_HG03098.1	ok	44aa615393c4fb67	44aa615393c4fb67	2.8 s
CF	q16k	y1_HG03098.2	ok	7b7e155e9013875b	7b7e155e9013875b	3.0 s
CF	q16k	y1_HG03453.1	ok	53dfd757260ddbc2	53dfd757260ddbc2	3.0 s
CF	q16k	y1_HG03453.2	ok	e847ba7824ea4154	e847ba7824ea4154	3.1 s
CF	q16k	y1_HG03486.1	ok	c632d7637a335c06	c632d7637a335c06	3.0 s
CF	q16k	y1_HG03486.2	ok	fbe78ccb54f15e69	fbe78ccb54f15e69	3.0 s
CF	q16k	y1_HG03492.1	ok	73c601f39202b973	73c601f39202b973	2.7 s
CF	q16k	y1_HG03492.2	ok	7aa4b6bdaf8a87b8	7aa4b6bdaf8a87b8	2.9 s
CF	q16k	y1_HG03516.1	ok	74c2da082ac2c79f	74c2da082ac2c79f	3.1 s
CF	q16k	y1_HG03516.2	ok	02b3f2a6fe37dba9	02b3f2a6fe37dba9	2.9 s
CF	q16k	y1_HG03540.1	ok	bf0d36c596acc3f0	bf0d36c596acc3f0	3.0 s
CF	q16k	y1_HG03540.2	ok	8d530d59ca079197	8d530d59ca079197	3.1 s
CF	q16k	y1_HG03579.1	ok	877449add96955d4	877449add96955d4	2.8 s
CF	q16k	y1_HG03579.2	ok	f8f8761565ddb4b6	f8f8761565ddb4b6	3.0 s
CF	q16k	y1_NA18906.1	ok	80a1ae306f93ff80	80a1ae306f93ff80	3.1 s
CF	q16k	y1_NA18906.2	ok	ab2206e35ddcdf24	ab2206e35ddcdf24	3.0 s
CF	q16k	y1_NA19240.1	ok	a54203b0c040069b	a54203b0c040069b	3.1 s
CF	q16k	y1_NA19240.2	ok	6cddc1d72e252674	6cddc1d72e252674	3.0 s
CF	q16k	y1_NA20129.1	ok	aa770f4577a25c49	aa770f4577a25c49	3.0 s
CF	q16k	y1_NA20129.2	ok	589c5ea52eb468b9	589c5ea52eb468b9	3.1 s
CF	q16k	y1_NA21309.1	ok	f8a3d91bafdca097	f8a3d91bafdca097	3.0 s
CF	q16k	y1_NA21309.2	ok	25519176fa38be5b	25519176fa38be5b	2.9 s
RESULT	1116/1116	PASS	3005 s
